ARM GAS  C:\Users\Samay\AppData\Local\Temp\ccrAqbO0.s 			page 1


   1              		.cpu cortex-m0
   2              		.fpu softvfp
   3              		.eabi_attribute 20, 1
   4              		.eabi_attribute 21, 1
   5              		.eabi_attribute 23, 3
   6              		.eabi_attribute 24, 1
   7              		.eabi_attribute 25, 1
   8              		.eabi_attribute 26, 1
   9              		.eabi_attribute 30, 6
  10              		.eabi_attribute 34, 0
  11              		.eabi_attribute 18, 4
  12              		.code	16
  13              		.file	"cyfitter_cfg.c"
  14              		.text
  15              	.Ltext0:
  16              		.cfi_sections	.debug_frame
  17              		.section	.text.CYMEMZERO,"ax",%progbits
  18              		.align	2
  19              		.code	16
  20              		.thumb_func
  21              		.type	CYMEMZERO, %function
  22              	CYMEMZERO:
  23              	.LFB2:
  24              		.file 1 "Generated_Source\\PSoC4\\cyfitter_cfg.c"
   1:Generated_Source\PSoC4/cyfitter_cfg.c **** /*******************************************************************************
   2:Generated_Source\PSoC4/cyfitter_cfg.c **** * File Name: cyfitter_cfg.c
   3:Generated_Source\PSoC4/cyfitter_cfg.c **** * 
   4:Generated_Source\PSoC4/cyfitter_cfg.c **** * PSoC Creator  4.0 Update 1
   5:Generated_Source\PSoC4/cyfitter_cfg.c **** *
   6:Generated_Source\PSoC4/cyfitter_cfg.c **** * Description:
   7:Generated_Source\PSoC4/cyfitter_cfg.c **** * This file contains device initialization code.
   8:Generated_Source\PSoC4/cyfitter_cfg.c **** * Except for the user defined sections in CyClockStartupError(), this file should not be modified.
   9:Generated_Source\PSoC4/cyfitter_cfg.c **** * This file is automatically generated by PSoC Creator.
  10:Generated_Source\PSoC4/cyfitter_cfg.c **** *
  11:Generated_Source\PSoC4/cyfitter_cfg.c **** ********************************************************************************
  12:Generated_Source\PSoC4/cyfitter_cfg.c **** * Copyright (c) 2007-2016 Cypress Semiconductor.  All rights reserved.
  13:Generated_Source\PSoC4/cyfitter_cfg.c **** * You may use this file only in accordance with the license, terms, conditions, 
  14:Generated_Source\PSoC4/cyfitter_cfg.c **** * disclaimers, and limitations in the end user license agreement accompanying 
  15:Generated_Source\PSoC4/cyfitter_cfg.c **** * the software package with which this file was provided.
  16:Generated_Source\PSoC4/cyfitter_cfg.c **** ********************************************************************************/
  17:Generated_Source\PSoC4/cyfitter_cfg.c **** 
  18:Generated_Source\PSoC4/cyfitter_cfg.c **** #include <string.h>
  19:Generated_Source\PSoC4/cyfitter_cfg.c **** #include "cytypes.h"
  20:Generated_Source\PSoC4/cyfitter_cfg.c **** #include "cydevice_trm.h"
  21:Generated_Source\PSoC4/cyfitter_cfg.c **** #include "cyfitter.h"
  22:Generated_Source\PSoC4/cyfitter_cfg.c **** #include "CyLib.h"
  23:Generated_Source\PSoC4/cyfitter_cfg.c **** #include "cyfitter_cfg.h"
  24:Generated_Source\PSoC4/cyfitter_cfg.c **** 
  25:Generated_Source\PSoC4/cyfitter_cfg.c **** 
  26:Generated_Source\PSoC4/cyfitter_cfg.c **** #if defined(__GNUC__) || defined(__ARMCC_VERSION)
  27:Generated_Source\PSoC4/cyfitter_cfg.c ****     #define CYPACKED 
  28:Generated_Source\PSoC4/cyfitter_cfg.c ****     #define CYPACKED_ATTR __attribute__ ((packed))
  29:Generated_Source\PSoC4/cyfitter_cfg.c ****     #define CYALIGNED __attribute__ ((aligned))
  30:Generated_Source\PSoC4/cyfitter_cfg.c ****     #define CY_CFG_UNUSED __attribute__ ((unused))
  31:Generated_Source\PSoC4/cyfitter_cfg.c ****     #ifndef CY_CFG_SECTION
  32:Generated_Source\PSoC4/cyfitter_cfg.c ****         #define CY_CFG_SECTION __attribute__ ((section(".psocinit")))
  33:Generated_Source\PSoC4/cyfitter_cfg.c ****     #endif
ARM GAS  C:\Users\Samay\AppData\Local\Temp\ccrAqbO0.s 			page 2


  34:Generated_Source\PSoC4/cyfitter_cfg.c ****     
  35:Generated_Source\PSoC4/cyfitter_cfg.c ****     #if defined(__ARMCC_VERSION)
  36:Generated_Source\PSoC4/cyfitter_cfg.c ****         #define CY_CFG_MEMORY_BARRIER() __memory_changed()
  37:Generated_Source\PSoC4/cyfitter_cfg.c ****     #else
  38:Generated_Source\PSoC4/cyfitter_cfg.c ****         #define CY_CFG_MEMORY_BARRIER() __sync_synchronize()
  39:Generated_Source\PSoC4/cyfitter_cfg.c ****     #endif
  40:Generated_Source\PSoC4/cyfitter_cfg.c ****     
  41:Generated_Source\PSoC4/cyfitter_cfg.c **** #elif defined(__ICCARM__)
  42:Generated_Source\PSoC4/cyfitter_cfg.c ****     #include <intrinsics.h>
  43:Generated_Source\PSoC4/cyfitter_cfg.c **** 
  44:Generated_Source\PSoC4/cyfitter_cfg.c ****     #define CYPACKED __packed
  45:Generated_Source\PSoC4/cyfitter_cfg.c ****     #define CYPACKED_ATTR 
  46:Generated_Source\PSoC4/cyfitter_cfg.c ****     #define CYALIGNED _Pragma("data_alignment=4")
  47:Generated_Source\PSoC4/cyfitter_cfg.c ****     #define CY_CFG_UNUSED _Pragma("diag_suppress=Pe177")
  48:Generated_Source\PSoC4/cyfitter_cfg.c ****     #define CY_CFG_SECTION _Pragma("location=\".psocinit\"")
  49:Generated_Source\PSoC4/cyfitter_cfg.c ****     
  50:Generated_Source\PSoC4/cyfitter_cfg.c ****     #define CY_CFG_MEMORY_BARRIER() __DMB()
  51:Generated_Source\PSoC4/cyfitter_cfg.c ****     
  52:Generated_Source\PSoC4/cyfitter_cfg.c **** #else
  53:Generated_Source\PSoC4/cyfitter_cfg.c ****     #error Unsupported toolchain
  54:Generated_Source\PSoC4/cyfitter_cfg.c **** #endif
  55:Generated_Source\PSoC4/cyfitter_cfg.c **** 
  56:Generated_Source\PSoC4/cyfitter_cfg.c **** 
  57:Generated_Source\PSoC4/cyfitter_cfg.c **** CY_CFG_UNUSED
  58:Generated_Source\PSoC4/cyfitter_cfg.c **** static void CYMEMZERO(void *s, size_t n);
  59:Generated_Source\PSoC4/cyfitter_cfg.c **** CY_CFG_UNUSED
  60:Generated_Source\PSoC4/cyfitter_cfg.c **** static void CYMEMZERO(void *s, size_t n)
  61:Generated_Source\PSoC4/cyfitter_cfg.c **** {
  25              		.loc 1 61 0
  26              		.cfi_startproc
  27 0000 80B5     		push	{r7, lr}
  28              		.cfi_def_cfa_offset 8
  29              		.cfi_offset 7, -8
  30              		.cfi_offset 14, -4
  31 0002 82B0     		sub	sp, sp, #8
  32              		.cfi_def_cfa_offset 16
  33 0004 00AF     		add	r7, sp, #0
  34              		.cfi_def_cfa_register 7
  35 0006 7860     		str	r0, [r7, #4]
  36 0008 3960     		str	r1, [r7]
  62:Generated_Source\PSoC4/cyfitter_cfg.c **** 	(void)memset(s, 0, n);
  37              		.loc 1 62 0
  38 000a 7A68     		ldr	r2, [r7, #4]
  39 000c 3B68     		ldr	r3, [r7]
  40 000e 101C     		mov	r0, r2
  41 0010 0021     		mov	r1, #0
  42 0012 1A1C     		mov	r2, r3
  43 0014 FFF7FEFF 		bl	memset
  63:Generated_Source\PSoC4/cyfitter_cfg.c **** }
  44              		.loc 1 63 0
  45 0018 BD46     		mov	sp, r7
  46 001a 02B0     		add	sp, sp, #8
  47              		@ sp needed
  48 001c 80BD     		pop	{r7, pc}
  49              		.cfi_endproc
  50              	.LFE2:
  51              		.size	CYMEMZERO, .-CYMEMZERO
ARM GAS  C:\Users\Samay\AppData\Local\Temp\ccrAqbO0.s 			page 3


  52 001e C046     		.section	.text.CYCONFIGCPY,"ax",%progbits
  53              		.align	2
  54              		.code	16
  55              		.thumb_func
  56              		.type	CYCONFIGCPY, %function
  57              	CYCONFIGCPY:
  58              	.LFB3:
  64:Generated_Source\PSoC4/cyfitter_cfg.c **** CY_CFG_UNUSED
  65:Generated_Source\PSoC4/cyfitter_cfg.c **** static void CYCONFIGCPY(void *dest, const void *src, size_t n);
  66:Generated_Source\PSoC4/cyfitter_cfg.c **** CY_CFG_UNUSED
  67:Generated_Source\PSoC4/cyfitter_cfg.c **** static void CYCONFIGCPY(void *dest, const void *src, size_t n)
  68:Generated_Source\PSoC4/cyfitter_cfg.c **** {
  59              		.loc 1 68 0
  60              		.cfi_startproc
  61 0000 80B5     		push	{r7, lr}
  62              		.cfi_def_cfa_offset 8
  63              		.cfi_offset 7, -8
  64              		.cfi_offset 14, -4
  65 0002 84B0     		sub	sp, sp, #16
  66              		.cfi_def_cfa_offset 24
  67 0004 00AF     		add	r7, sp, #0
  68              		.cfi_def_cfa_register 7
  69 0006 F860     		str	r0, [r7, #12]
  70 0008 B960     		str	r1, [r7, #8]
  71 000a 7A60     		str	r2, [r7, #4]
  69:Generated_Source\PSoC4/cyfitter_cfg.c **** 	(void)memcpy(dest, src, n);
  72              		.loc 1 69 0
  73 000c F968     		ldr	r1, [r7, #12]
  74 000e BA68     		ldr	r2, [r7, #8]
  75 0010 7B68     		ldr	r3, [r7, #4]
  76 0012 081C     		mov	r0, r1
  77 0014 111C     		mov	r1, r2
  78 0016 1A1C     		mov	r2, r3
  79 0018 FFF7FEFF 		bl	memcpy
  70:Generated_Source\PSoC4/cyfitter_cfg.c **** }
  80              		.loc 1 70 0
  81 001c BD46     		mov	sp, r7
  82 001e 04B0     		add	sp, sp, #16
  83              		@ sp needed
  84 0020 80BD     		pop	{r7, pc}
  85              		.cfi_endproc
  86              	.LFE3:
  87              		.size	CYCONFIGCPY, .-CYCONFIGCPY
  88 0022 C046     		.section	.text.CYCONFIGCPYCODE,"ax",%progbits
  89              		.align	2
  90              		.code	16
  91              		.thumb_func
  92              		.type	CYCONFIGCPYCODE, %function
  93              	CYCONFIGCPYCODE:
  94              	.LFB4:
  71:Generated_Source\PSoC4/cyfitter_cfg.c **** CY_CFG_UNUSED
  72:Generated_Source\PSoC4/cyfitter_cfg.c **** static void CYCONFIGCPYCODE(void *dest, const void *src, size_t n);
  73:Generated_Source\PSoC4/cyfitter_cfg.c **** CY_CFG_UNUSED
  74:Generated_Source\PSoC4/cyfitter_cfg.c **** static void CYCONFIGCPYCODE(void *dest, const void *src, size_t n)
  75:Generated_Source\PSoC4/cyfitter_cfg.c **** {
  95              		.loc 1 75 0
  96              		.cfi_startproc
ARM GAS  C:\Users\Samay\AppData\Local\Temp\ccrAqbO0.s 			page 4


  97 0000 80B5     		push	{r7, lr}
  98              		.cfi_def_cfa_offset 8
  99              		.cfi_offset 7, -8
 100              		.cfi_offset 14, -4
 101 0002 84B0     		sub	sp, sp, #16
 102              		.cfi_def_cfa_offset 24
 103 0004 00AF     		add	r7, sp, #0
 104              		.cfi_def_cfa_register 7
 105 0006 F860     		str	r0, [r7, #12]
 106 0008 B960     		str	r1, [r7, #8]
 107 000a 7A60     		str	r2, [r7, #4]
  76:Generated_Source\PSoC4/cyfitter_cfg.c **** 	(void)memcpy(dest, src, n);
 108              		.loc 1 76 0
 109 000c F968     		ldr	r1, [r7, #12]
 110 000e BA68     		ldr	r2, [r7, #8]
 111 0010 7B68     		ldr	r3, [r7, #4]
 112 0012 081C     		mov	r0, r1
 113 0014 111C     		mov	r1, r2
 114 0016 1A1C     		mov	r2, r3
 115 0018 FFF7FEFF 		bl	memcpy
  77:Generated_Source\PSoC4/cyfitter_cfg.c **** }
 116              		.loc 1 77 0
 117 001c BD46     		mov	sp, r7
 118 001e 04B0     		add	sp, sp, #16
 119              		@ sp needed
 120 0020 80BD     		pop	{r7, pc}
 121              		.cfi_endproc
 122              	.LFE4:
 123              		.size	CYCONFIGCPYCODE, .-CYCONFIGCPYCODE
 124 0022 C046     		.section	.psocinit,"ax",%progbits
 125              		.align	2
 126              		.code	16
 127              		.thumb_func
 128              		.type	ClockSetup, %function
 129              	ClockSetup:
 130              	.LFB5:
  78:Generated_Source\PSoC4/cyfitter_cfg.c **** 
  79:Generated_Source\PSoC4/cyfitter_cfg.c **** 
  80:Generated_Source\PSoC4/cyfitter_cfg.c **** 
  81:Generated_Source\PSoC4/cyfitter_cfg.c **** 
  82:Generated_Source\PSoC4/cyfitter_cfg.c **** /* Clock startup error codes                                                   */
  83:Generated_Source\PSoC4/cyfitter_cfg.c **** #define CYCLOCKSTART_NO_ERROR    0u
  84:Generated_Source\PSoC4/cyfitter_cfg.c **** #define CYCLOCKSTART_XTAL_ERROR  1u
  85:Generated_Source\PSoC4/cyfitter_cfg.c **** #define CYCLOCKSTART_32KHZ_ERROR 2u
  86:Generated_Source\PSoC4/cyfitter_cfg.c **** #define CYCLOCKSTART_PLL_ERROR   3u
  87:Generated_Source\PSoC4/cyfitter_cfg.c **** 
  88:Generated_Source\PSoC4/cyfitter_cfg.c **** 
  89:Generated_Source\PSoC4/cyfitter_cfg.c **** #ifdef CY_NEED_CYCLOCKSTARTUPERROR
  90:Generated_Source\PSoC4/cyfitter_cfg.c **** /*******************************************************************************
  91:Generated_Source\PSoC4/cyfitter_cfg.c **** * Function Name: CyClockStartupError
  92:Generated_Source\PSoC4/cyfitter_cfg.c **** ********************************************************************************
  93:Generated_Source\PSoC4/cyfitter_cfg.c **** * Summary:
  94:Generated_Source\PSoC4/cyfitter_cfg.c **** *  If an error is encountered during clock configuration (crystal startup error,
  95:Generated_Source\PSoC4/cyfitter_cfg.c **** *  PLL lock error, etc.), the system will end up here.  Unless reimplemented by
  96:Generated_Source\PSoC4/cyfitter_cfg.c **** *  the customer, this function will stop in an infinite loop.
  97:Generated_Source\PSoC4/cyfitter_cfg.c **** *
  98:Generated_Source\PSoC4/cyfitter_cfg.c **** * Parameters:
ARM GAS  C:\Users\Samay\AppData\Local\Temp\ccrAqbO0.s 			page 5


  99:Generated_Source\PSoC4/cyfitter_cfg.c **** *   void
 100:Generated_Source\PSoC4/cyfitter_cfg.c **** *
 101:Generated_Source\PSoC4/cyfitter_cfg.c **** * Return:
 102:Generated_Source\PSoC4/cyfitter_cfg.c **** *   void
 103:Generated_Source\PSoC4/cyfitter_cfg.c **** *
 104:Generated_Source\PSoC4/cyfitter_cfg.c **** *******************************************************************************/
 105:Generated_Source\PSoC4/cyfitter_cfg.c **** CY_CFG_UNUSED
 106:Generated_Source\PSoC4/cyfitter_cfg.c **** static void CyClockStartupError(uint8 errorCode);
 107:Generated_Source\PSoC4/cyfitter_cfg.c **** CY_CFG_UNUSED
 108:Generated_Source\PSoC4/cyfitter_cfg.c **** static void CyClockStartupError(uint8 errorCode)
 109:Generated_Source\PSoC4/cyfitter_cfg.c **** {
 110:Generated_Source\PSoC4/cyfitter_cfg.c ****     /* To remove the compiler warning if errorCode not used.                */
 111:Generated_Source\PSoC4/cyfitter_cfg.c ****     errorCode = errorCode;
 112:Generated_Source\PSoC4/cyfitter_cfg.c **** 
 113:Generated_Source\PSoC4/cyfitter_cfg.c ****     /* If we have a clock startup error (bad MHz crystal, PLL lock, etc.),  */
 114:Generated_Source\PSoC4/cyfitter_cfg.c ****     /* we will end up here to allow the customer to implement something to  */
 115:Generated_Source\PSoC4/cyfitter_cfg.c ****     /* deal with the clock condition.                                       */
 116:Generated_Source\PSoC4/cyfitter_cfg.c **** 
 117:Generated_Source\PSoC4/cyfitter_cfg.c **** #ifdef CY_CFG_CLOCK_STARTUP_ERROR_CALLBACK
 118:Generated_Source\PSoC4/cyfitter_cfg.c **** 	CY_CFG_Clock_Startup_ErrorCallback();
 119:Generated_Source\PSoC4/cyfitter_cfg.c **** #else
 120:Generated_Source\PSoC4/cyfitter_cfg.c **** 	/*  If not using CY_CFG_CLOCK_STARTUP_ERROR_CALLBACK, place your clock startup code here. */
 121:Generated_Source\PSoC4/cyfitter_cfg.c ****     /* `#START CyClockStartupError` */
 122:Generated_Source\PSoC4/cyfitter_cfg.c **** 
 123:Generated_Source\PSoC4/cyfitter_cfg.c ****     /* If we have a clock startup error (bad MHz crystal, PLL lock, etc.),  */
 124:Generated_Source\PSoC4/cyfitter_cfg.c ****     /* we will end up here to allow the customer to implement something to  */
 125:Generated_Source\PSoC4/cyfitter_cfg.c ****     /* deal with the clock condition.                                       */
 126:Generated_Source\PSoC4/cyfitter_cfg.c **** 
 127:Generated_Source\PSoC4/cyfitter_cfg.c ****     /* `#END` */
 128:Generated_Source\PSoC4/cyfitter_cfg.c **** 
 129:Generated_Source\PSoC4/cyfitter_cfg.c ****     /* If nothing else, stop here since the clocks have not started         */
 130:Generated_Source\PSoC4/cyfitter_cfg.c ****     /* correctly.                                                           */
 131:Generated_Source\PSoC4/cyfitter_cfg.c ****     while(1) {}
 132:Generated_Source\PSoC4/cyfitter_cfg.c **** #endif /* CY_CFG_CLOCK_STARTUP_ERROR_CALLBACK */ 
 133:Generated_Source\PSoC4/cyfitter_cfg.c **** }
 134:Generated_Source\PSoC4/cyfitter_cfg.c **** #endif
 135:Generated_Source\PSoC4/cyfitter_cfg.c **** 
 136:Generated_Source\PSoC4/cyfitter_cfg.c **** 
 137:Generated_Source\PSoC4/cyfitter_cfg.c **** 
 138:Generated_Source\PSoC4/cyfitter_cfg.c **** /*******************************************************************************
 139:Generated_Source\PSoC4/cyfitter_cfg.c **** * Function Name: ClockSetup
 140:Generated_Source\PSoC4/cyfitter_cfg.c **** ********************************************************************************
 141:Generated_Source\PSoC4/cyfitter_cfg.c **** *
 142:Generated_Source\PSoC4/cyfitter_cfg.c **** * Summary:
 143:Generated_Source\PSoC4/cyfitter_cfg.c **** *   Performs the initialization of all of the clocks in the device based on the
 144:Generated_Source\PSoC4/cyfitter_cfg.c **** *   settings in the Clock tab of the DWR.  This includes enabling the requested
 145:Generated_Source\PSoC4/cyfitter_cfg.c **** *   clocks and setting the necessary dividers to produce the desired frequency. 
 146:Generated_Source\PSoC4/cyfitter_cfg.c **** *
 147:Generated_Source\PSoC4/cyfitter_cfg.c **** * Parameters:
 148:Generated_Source\PSoC4/cyfitter_cfg.c **** *   void
 149:Generated_Source\PSoC4/cyfitter_cfg.c **** *
 150:Generated_Source\PSoC4/cyfitter_cfg.c **** * Return:
 151:Generated_Source\PSoC4/cyfitter_cfg.c **** *   void
 152:Generated_Source\PSoC4/cyfitter_cfg.c **** *
 153:Generated_Source\PSoC4/cyfitter_cfg.c **** *******************************************************************************/
 154:Generated_Source\PSoC4/cyfitter_cfg.c **** static void ClockSetup(void);
 155:Generated_Source\PSoC4/cyfitter_cfg.c **** CY_CFG_SECTION
ARM GAS  C:\Users\Samay\AppData\Local\Temp\ccrAqbO0.s 			page 6


 156:Generated_Source\PSoC4/cyfitter_cfg.c **** static void ClockSetup(void)
 157:Generated_Source\PSoC4/cyfitter_cfg.c **** {
 131              		.loc 1 157 0
 132              		.cfi_startproc
 133 0000 80B5     		push	{r7, lr}
 134              		.cfi_def_cfa_offset 8
 135              		.cfi_offset 7, -8
 136              		.cfi_offset 14, -4
 137 0002 00AF     		add	r7, sp, #0
 138              		.cfi_def_cfa_register 7
 158:Generated_Source\PSoC4/cyfitter_cfg.c **** 
 159:Generated_Source\PSoC4/cyfitter_cfg.c **** 	/* Set Flash Cycles based on max possible frequency in case a glitch occurs during ClockSetup(). *
 160:Generated_Source\PSoC4/cyfitter_cfg.c **** 	CY_SET_REG32((void CYXDATA *)(CYREG_CPUSS_FLASH_CTL), (0x0012u));
 139              		.loc 1 160 0
 140 0004 294B     		ldr	r3, .L5
 141 0006 1222     		mov	r2, #18
 142 0008 1A60     		str	r2, [r3]
 161:Generated_Source\PSoC4/cyfitter_cfg.c **** 
 162:Generated_Source\PSoC4/cyfitter_cfg.c **** 	/* Start the WCO */
 163:Generated_Source\PSoC4/cyfitter_cfg.c **** 	CySysClkWcoStart();
 143              		.loc 1 163 0
 144 000a FFF7FEFF 		bl	CySysClkWcoStart
 164:Generated_Source\PSoC4/cyfitter_cfg.c **** 	CyDelayCycles(12000000u); /* WCO may take up to 500ms to start */
 145              		.loc 1 164 0
 146 000e 284B     		ldr	r3, .L5+4
 147 0010 181C     		mov	r0, r3
 148 0012 FFF7FEFF 		bl	CyDelayCycles
 165:Generated_Source\PSoC4/cyfitter_cfg.c **** 	(void)CySysClkWcoSetPowerMode(CY_SYS_CLK_WCO_LPM);    /* Switch to the low power mode */
 149              		.loc 1 165 0
 150 0016 0120     		mov	r0, #1
 151 0018 FFF7FEFF 		bl	CySysClkWcoSetPowerMode
 166:Generated_Source\PSoC4/cyfitter_cfg.c **** 
 167:Generated_Source\PSoC4/cyfitter_cfg.c **** 	/* Setup and trim IMO based on desired frequency. */
 168:Generated_Source\PSoC4/cyfitter_cfg.c **** 	CySysClkWriteImoFreq(48u);
 152              		.loc 1 168 0
 153 001c 3020     		mov	r0, #48
 154 001e FFF7FEFF 		bl	CySysClkWriteImoFreq
 169:Generated_Source\PSoC4/cyfitter_cfg.c **** 	/* CYDEV_CLK_ILO_CONFIG Starting address: CYDEV_CLK_ILO_CONFIG */
 170:Generated_Source\PSoC4/cyfitter_cfg.c **** 	CY_SET_XTND_REG32((void CYFAR *)(CYREG_CLK_ILO_CONFIG), 0x80000006u);
 155              		.loc 1 170 0
 156 0022 244B     		ldr	r3, .L5+8
 157 0024 244A     		ldr	r2, .L5+12
 158 0026 1A60     		str	r2, [r3]
 171:Generated_Source\PSoC4/cyfitter_cfg.c **** 
 172:Generated_Source\PSoC4/cyfitter_cfg.c **** 	/* CYDEV_WDT_CONFIG Starting address: CYDEV_WDT_CONFIG */
 173:Generated_Source\PSoC4/cyfitter_cfg.c **** 	CY_SET_XTND_REG32((void CYFAR *)(CYREG_WDT_CONFIG), 0x40000000u);
 159              		.loc 1 173 0
 160 0028 244B     		ldr	r3, .L5+16
 161 002a 8022     		mov	r2, #128
 162 002c D205     		lsl	r2, r2, #23
 163 002e 1A60     		str	r2, [r3]
 174:Generated_Source\PSoC4/cyfitter_cfg.c **** 
 175:Generated_Source\PSoC4/cyfitter_cfg.c **** 
 176:Generated_Source\PSoC4/cyfitter_cfg.c **** 	/* Enable fast start mode for XO */
 177:Generated_Source\PSoC4/cyfitter_cfg.c **** 	CY_SET_REG32((void*)CYREG_BLE_BLERD_BB_XO, CY_GET_REG32((void*)CYREG_BLE_BLERD_BB_XO) | (uint32)0x
 164              		.loc 1 177 0
 165 0030 234B     		ldr	r3, .L5+20
ARM GAS  C:\Users\Samay\AppData\Local\Temp\ccrAqbO0.s 			page 7


 166 0032 234A     		ldr	r2, .L5+20
 167 0034 1268     		ldr	r2, [r2]
 168 0036 0221     		mov	r1, #2
 169 0038 0A43     		orr	r2, r1
 170 003a 1A60     		str	r2, [r3]
 178:Generated_Source\PSoC4/cyfitter_cfg.c **** 	CY_SET_XTND_REG32((void CYFAR *)(CYREG_BLE_BLERD_BB_XO_CAPTRIM), 0x00002D6Au);
 171              		.loc 1 178 0
 172 003c 214B     		ldr	r3, .L5+24
 173 003e 224A     		ldr	r2, .L5+28
 174 0040 1A60     		str	r2, [r3]
 179:Generated_Source\PSoC4/cyfitter_cfg.c **** 	/*Set XTAL(ECO) divider*/
 180:Generated_Source\PSoC4/cyfitter_cfg.c **** 	CY_SET_XTND_REG32((void CYFAR *)(CYREG_BLE_BLESS_XTAL_CLK_DIV_CONFIG), 0x00000000u);
 175              		.loc 1 180 0
 176 0042 224B     		ldr	r3, .L5+32
 177 0044 0022     		mov	r2, #0
 178 0046 1A60     		str	r2, [r3]
 181:Generated_Source\PSoC4/cyfitter_cfg.c **** 	/* Disable Crystal Stable Interrupt before enabling ECO */
 182:Generated_Source\PSoC4/cyfitter_cfg.c **** 	CY_SET_REG32((void*)CYREG_BLE_BLESS_LL_DSM_CTRL, CY_GET_REG32((void*)CYREG_BLE_BLESS_LL_DSM_CTRL) 
 179              		.loc 1 182 0
 180 0048 214B     		ldr	r3, .L5+36
 181 004a 214A     		ldr	r2, .L5+36
 182 004c 1268     		ldr	r2, [r2]
 183 004e 0821     		mov	r1, #8
 184 0050 8A43     		bic	r2, r1
 185 0052 1A60     		str	r2, [r3]
 183:Generated_Source\PSoC4/cyfitter_cfg.c **** 	/* Start the ECO and do not check status since it is not needed for HFCLK */
 184:Generated_Source\PSoC4/cyfitter_cfg.c **** 	(void)CySysClkEcoStart(2000u);
 186              		.loc 1 184 0
 187 0054 FA23     		mov	r3, #250
 188 0056 DB00     		lsl	r3, r3, #3
 189 0058 181C     		mov	r0, r3
 190 005a FFF7FEFF 		bl	CySysClkEcoStart
 185:Generated_Source\PSoC4/cyfitter_cfg.c **** 	CyDelayUs(1500u); /* Wait to stabalize */
 191              		.loc 1 185 0
 192 005e 1D4B     		ldr	r3, .L5+40
 193 0060 181C     		mov	r0, r3
 194 0062 FFF7FEFF 		bl	CyDelayUs
 186:Generated_Source\PSoC4/cyfitter_cfg.c **** 
 187:Generated_Source\PSoC4/cyfitter_cfg.c **** 	/* Setup phase aligned clocks */
 188:Generated_Source\PSoC4/cyfitter_cfg.c **** 	CY_SET_REG32((void *)CYREG_PERI_DIV_16_CTL1, 0x00002200u);
 195              		.loc 1 188 0
 196 0066 1C4B     		ldr	r3, .L5+44
 197 0068 8822     		mov	r2, #136
 198 006a 9201     		lsl	r2, r2, #6
 199 006c 1A60     		str	r2, [r3]
 189:Generated_Source\PSoC4/cyfitter_cfg.c **** 	CY_SET_REG32((void *)CYREG_PERI_DIV_CMD, 0x8000FF41u);
 200              		.loc 1 189 0
 201 006e 1B4B     		ldr	r3, .L5+48
 202 0070 1B4A     		ldr	r2, .L5+52
 203 0072 1A60     		str	r2, [r3]
 190:Generated_Source\PSoC4/cyfitter_cfg.c **** 	CY_SET_REG32((void *)CYREG_PERI_DIV_16_CTL0, 0x00001F00u);
 204              		.loc 1 190 0
 205 0074 1B4B     		ldr	r3, .L5+56
 206 0076 F822     		mov	r2, #248
 207 0078 5201     		lsl	r2, r2, #5
 208 007a 1A60     		str	r2, [r3]
 191:Generated_Source\PSoC4/cyfitter_cfg.c **** 	CY_SET_REG32((void *)CYREG_PERI_DIV_CMD, 0x8000FF40u);
ARM GAS  C:\Users\Samay\AppData\Local\Temp\ccrAqbO0.s 			page 8


 209              		.loc 1 191 0
 210 007c 174B     		ldr	r3, .L5+48
 211 007e 1A4A     		ldr	r2, .L5+60
 212 0080 1A60     		str	r2, [r3]
 192:Generated_Source\PSoC4/cyfitter_cfg.c **** 
 193:Generated_Source\PSoC4/cyfitter_cfg.c **** 	/* CYDEV_CLK_IMO_CONFIG Starting address: CYDEV_CLK_IMO_CONFIG */
 194:Generated_Source\PSoC4/cyfitter_cfg.c **** 	CY_SET_XTND_REG32((void CYFAR *)(CYREG_CLK_IMO_CONFIG), 0x80000000u);
 213              		.loc 1 194 0
 214 0082 1A4B     		ldr	r3, .L5+64
 215 0084 8022     		mov	r2, #128
 216 0086 1206     		lsl	r2, r2, #24
 217 0088 1A60     		str	r2, [r3]
 195:Generated_Source\PSoC4/cyfitter_cfg.c **** 
 196:Generated_Source\PSoC4/cyfitter_cfg.c **** 	/* CYDEV_CLK_SELECT Starting address: CYDEV_CLK_SELECT */
 197:Generated_Source\PSoC4/cyfitter_cfg.c **** 	CY_SET_XTND_REG32((void CYFAR *)(CYREG_CLK_SELECT), 0x00040000u);
 218              		.loc 1 197 0
 219 008a 194B     		ldr	r3, .L5+68
 220 008c 8022     		mov	r2, #128
 221 008e D202     		lsl	r2, r2, #11
 222 0090 1A60     		str	r2, [r3]
 198:Generated_Source\PSoC4/cyfitter_cfg.c **** 
 199:Generated_Source\PSoC4/cyfitter_cfg.c **** 	/* CYDEV_PERI_PCLK_CTL2 Starting address: CYDEV_PERI_PCLK_CTL2 */
 200:Generated_Source\PSoC4/cyfitter_cfg.c **** 	CY_SET_XTND_REG32((void CYFAR *)(CYREG_PERI_PCLK_CTL2), 0x00000041u);
 223              		.loc 1 200 0
 224 0092 184B     		ldr	r3, .L5+72
 225 0094 4122     		mov	r2, #65
 226 0096 1A60     		str	r2, [r3]
 201:Generated_Source\PSoC4/cyfitter_cfg.c **** 
 202:Generated_Source\PSoC4/cyfitter_cfg.c **** 	/* CYDEV_PERI_PCLK_CTL1 Starting address: CYDEV_PERI_PCLK_CTL1 */
 203:Generated_Source\PSoC4/cyfitter_cfg.c **** 	CY_SET_XTND_REG32((void CYFAR *)(CYREG_PERI_PCLK_CTL1), 0x00000040u);
 227              		.loc 1 203 0
 228 0098 174B     		ldr	r3, .L5+76
 229 009a 4022     		mov	r2, #64
 230 009c 1A60     		str	r2, [r3]
 204:Generated_Source\PSoC4/cyfitter_cfg.c **** 
 205:Generated_Source\PSoC4/cyfitter_cfg.c **** 	CY_SET_XTND_REG32((void CYFAR *)(CYREG_WDT_CONFIG), 0x40000000u);
 231              		.loc 1 205 0
 232 009e 074B     		ldr	r3, .L5+16
 233 00a0 8022     		mov	r2, #128
 234 00a2 D205     		lsl	r2, r2, #23
 235 00a4 1A60     		str	r2, [r3]
 206:Generated_Source\PSoC4/cyfitter_cfg.c **** }
 236              		.loc 1 206 0
 237 00a6 BD46     		mov	sp, r7
 238              		@ sp needed
 239 00a8 80BD     		pop	{r7, pc}
 240              	.L6:
 241 00aa C046     		.align	2
 242              	.L5:
 243 00ac 30001040 		.word	1074790448
 244 00b0 001BB700 		.word	12000000
 245 00b4 04010B40 		.word	1074462980
 246 00b8 06000080 		.word	-2147483642
 247 00bc 0C020B40 		.word	1074463244
 248 00c0 78002E40 		.word	1076756600
 249 00c4 7C002E40 		.word	1076756604
 250 00c8 6A2D0000 		.word	11626
ARM GAS  C:\Users\Samay\AppData\Local\Temp\ccrAqbO0.s 			page 9


 251 00cc 64F02E40 		.word	1076818020
 252 00d0 6CF02E40 		.word	1076818028
 253 00d4 DC050000 		.word	1500
 254 00d8 04030140 		.word	1073808132
 255 00dc 00000140 		.word	1073807360
 256 00e0 41FF0080 		.word	-2147418303
 257 00e4 00030140 		.word	1073808128
 258 00e8 40FF0080 		.word	-2147418304
 259 00ec 08010B40 		.word	1074462984
 260 00f0 00010B40 		.word	1074462976
 261 00f4 08010140 		.word	1073807624
 262 00f8 04010140 		.word	1073807620
 263              		.cfi_endproc
 264              	.LFE5:
 265              		.size	ClockSetup, .-ClockSetup
 266              		.section	.text.AnalogSetDefault,"ax",%progbits
 267              		.align	2
 268              		.code	16
 269              		.thumb_func
 270              		.type	AnalogSetDefault, %function
 271              	AnalogSetDefault:
 272              	.LFB6:
 207:Generated_Source\PSoC4/cyfitter_cfg.c **** 
 208:Generated_Source\PSoC4/cyfitter_cfg.c **** 
 209:Generated_Source\PSoC4/cyfitter_cfg.c **** /* Analog API Functions */
 210:Generated_Source\PSoC4/cyfitter_cfg.c **** 
 211:Generated_Source\PSoC4/cyfitter_cfg.c **** 
 212:Generated_Source\PSoC4/cyfitter_cfg.c **** /*******************************************************************************
 213:Generated_Source\PSoC4/cyfitter_cfg.c **** * Function Name: AnalogSetDefault
 214:Generated_Source\PSoC4/cyfitter_cfg.c **** ********************************************************************************
 215:Generated_Source\PSoC4/cyfitter_cfg.c **** *
 216:Generated_Source\PSoC4/cyfitter_cfg.c **** * Summary:
 217:Generated_Source\PSoC4/cyfitter_cfg.c **** *  Sets up the analog portions of the chip to default values based on chip
 218:Generated_Source\PSoC4/cyfitter_cfg.c **** *  configuration options from the project.
 219:Generated_Source\PSoC4/cyfitter_cfg.c **** *
 220:Generated_Source\PSoC4/cyfitter_cfg.c **** * Parameters:
 221:Generated_Source\PSoC4/cyfitter_cfg.c **** *  void
 222:Generated_Source\PSoC4/cyfitter_cfg.c **** *
 223:Generated_Source\PSoC4/cyfitter_cfg.c **** * Return:
 224:Generated_Source\PSoC4/cyfitter_cfg.c **** *  void
 225:Generated_Source\PSoC4/cyfitter_cfg.c **** *
 226:Generated_Source\PSoC4/cyfitter_cfg.c **** *******************************************************************************/
 227:Generated_Source\PSoC4/cyfitter_cfg.c **** static void AnalogSetDefault(void);
 228:Generated_Source\PSoC4/cyfitter_cfg.c **** static void AnalogSetDefault(void)
 229:Generated_Source\PSoC4/cyfitter_cfg.c **** {
 273              		.loc 1 229 0
 274              		.cfi_startproc
 275 0000 80B5     		push	{r7, lr}
 276              		.cfi_def_cfa_offset 8
 277              		.cfi_offset 7, -8
 278              		.cfi_offset 14, -4
 279 0002 00AF     		add	r7, sp, #0
 280              		.cfi_def_cfa_register 7
 230:Generated_Source\PSoC4/cyfitter_cfg.c **** 	CY_SET_XTND_REG32((void CYFAR *)CYREG_CTBM0_DFT_CTRL, 0x00000003u);
 281              		.loc 1 230 0
 282 0004 054B     		ldr	r3, .L8
 283 0006 0322     		mov	r2, #3
ARM GAS  C:\Users\Samay\AppData\Local\Temp\ccrAqbO0.s 			page 10


 284 0008 1A60     		str	r2, [r3]
 231:Generated_Source\PSoC4/cyfitter_cfg.c **** 	CY_SET_XTND_REG32((void CYFAR *)CYREG_CTBM1_DFT_CTRL, 0x00000003u);
 285              		.loc 1 231 0
 286 000a 054B     		ldr	r3, .L8+4
 287 000c 0322     		mov	r2, #3
 288 000e 1A60     		str	r2, [r3]
 232:Generated_Source\PSoC4/cyfitter_cfg.c **** 	CY_SET_XTND_REG32((void CYFAR *)CYREG_PASS_DSAB_DSAB_CTRL, 0x00000000u);
 289              		.loc 1 232 0
 290 0010 044B     		ldr	r3, .L8+8
 291 0012 0022     		mov	r2, #0
 292 0014 1A60     		str	r2, [r3]
 233:Generated_Source\PSoC4/cyfitter_cfg.c **** }
 293              		.loc 1 233 0
 294 0016 BD46     		mov	sp, r7
 295              		@ sp needed
 296 0018 80BD     		pop	{r7, pc}
 297              	.L9:
 298 001a C046     		.align	2
 299              	.L8:
 300 001c 30003040 		.word	1076887600
 301 0020 30003140 		.word	1076953136
 302 0024 000E3F40 		.word	1077874176
 303              		.cfi_endproc
 304              	.LFE6:
 305              		.size	AnalogSetDefault, .-AnalogSetDefault
 306              		.section	.psocinit
 307              		.align	2
 308              		.global	cyfitter_cfg
 309              		.code	16
 310              		.thumb_func
 311              		.type	cyfitter_cfg, %function
 312              	cyfitter_cfg:
 313              	.LFB7:
 234:Generated_Source\PSoC4/cyfitter_cfg.c **** 
 235:Generated_Source\PSoC4/cyfitter_cfg.c **** #define CY_AMUX_UNUSED CYREG_CM0_ROM_DWT
 236:Generated_Source\PSoC4/cyfitter_cfg.c **** 
 237:Generated_Source\PSoC4/cyfitter_cfg.c **** 
 238:Generated_Source\PSoC4/cyfitter_cfg.c **** /*******************************************************************************
 239:Generated_Source\PSoC4/cyfitter_cfg.c **** * Function Name: cyfitter_cfg
 240:Generated_Source\PSoC4/cyfitter_cfg.c **** ********************************************************************************
 241:Generated_Source\PSoC4/cyfitter_cfg.c **** * Summary:
 242:Generated_Source\PSoC4/cyfitter_cfg.c **** *  This function is called by the start-up code for the selected device. It
 243:Generated_Source\PSoC4/cyfitter_cfg.c **** *  performs all of the necessary device configuration based on the design
 244:Generated_Source\PSoC4/cyfitter_cfg.c **** *  settings.  This includes settings from the Design Wide Resources (DWR) such
 245:Generated_Source\PSoC4/cyfitter_cfg.c **** *  as Clocks and Pins as well as any component configuration that is necessary.
 246:Generated_Source\PSoC4/cyfitter_cfg.c **** *
 247:Generated_Source\PSoC4/cyfitter_cfg.c **** * Parameters:  
 248:Generated_Source\PSoC4/cyfitter_cfg.c **** *   void
 249:Generated_Source\PSoC4/cyfitter_cfg.c **** *
 250:Generated_Source\PSoC4/cyfitter_cfg.c **** * Return:
 251:Generated_Source\PSoC4/cyfitter_cfg.c **** *   void
 252:Generated_Source\PSoC4/cyfitter_cfg.c **** *
 253:Generated_Source\PSoC4/cyfitter_cfg.c **** *******************************************************************************/
 254:Generated_Source\PSoC4/cyfitter_cfg.c **** CY_CFG_SECTION
 255:Generated_Source\PSoC4/cyfitter_cfg.c **** void cyfitter_cfg(void)
 256:Generated_Source\PSoC4/cyfitter_cfg.c **** {
 314              		.loc 1 256 0
ARM GAS  C:\Users\Samay\AppData\Local\Temp\ccrAqbO0.s 			page 11


 315              		.cfi_startproc
 316 00fc 80B5     		push	{r7, lr}
 317              		.cfi_def_cfa_offset 8
 318              		.cfi_offset 7, -8
 319              		.cfi_offset 14, -4
 320 00fe 82B0     		sub	sp, sp, #8
 321              		.cfi_def_cfa_offset 16
 322 0100 00AF     		add	r7, sp, #0
 323              		.cfi_def_cfa_register 7
 257:Generated_Source\PSoC4/cyfitter_cfg.c **** 	/* Disable interrupts by default. Let user enable if/when they want. */
 258:Generated_Source\PSoC4/cyfitter_cfg.c **** 	CyGlobalIntDisable;
 324              		.loc 1 258 0
 325              	@ 258 "Generated_Source\PSoC4\cyfitter_cfg.c" 1
 326 0102 72B6     		CPSID   i
 327              	@ 0 "" 2
 259:Generated_Source\PSoC4/cyfitter_cfg.c **** 
 260:Generated_Source\PSoC4/cyfitter_cfg.c **** 	CY_SET_XTND_REG32((void CYFAR *)(CYREG_BLE_BLESS_LL_DSM_CTRL), 0x00000000u);
 328              		.loc 1 260 0
 329              		.code	16
 330 0104 444B     		ldr	r3, .L13
 331 0106 0022     		mov	r2, #0
 332 0108 1A60     		str	r2, [r3]
 333              	.LBB2:
 261:Generated_Source\PSoC4/cyfitter_cfg.c **** 
 262:Generated_Source\PSoC4/cyfitter_cfg.c **** 	{
 263:Generated_Source\PSoC4/cyfitter_cfg.c **** 
 264:Generated_Source\PSoC4/cyfitter_cfg.c **** 		CYPACKED typedef struct {
 265:Generated_Source\PSoC4/cyfitter_cfg.c **** 			void CYFAR *address;
 266:Generated_Source\PSoC4/cyfitter_cfg.c **** 			uint16 size;
 267:Generated_Source\PSoC4/cyfitter_cfg.c **** 		} CYPACKED_ATTR cfg_memset_t;
 268:Generated_Source\PSoC4/cyfitter_cfg.c **** 
 269:Generated_Source\PSoC4/cyfitter_cfg.c **** 		static const cfg_memset_t CYCODE cfg_memset_list [] = {
 270:Generated_Source\PSoC4/cyfitter_cfg.c **** 			/* address, size */
 271:Generated_Source\PSoC4/cyfitter_cfg.c **** 			{(void CYFAR *)(CYDEV_UDB_P0_U0_BASE), 1024u},
 272:Generated_Source\PSoC4/cyfitter_cfg.c **** 			{(void CYFAR *)(CYDEV_UDB_DSI0_BASE), 1024u},
 273:Generated_Source\PSoC4/cyfitter_cfg.c **** 		};
 274:Generated_Source\PSoC4/cyfitter_cfg.c **** 
 275:Generated_Source\PSoC4/cyfitter_cfg.c **** 		uint8 CYDATA i;
 276:Generated_Source\PSoC4/cyfitter_cfg.c **** 
 277:Generated_Source\PSoC4/cyfitter_cfg.c **** 		/* Zero out critical memory blocks before beginning configuration */
 278:Generated_Source\PSoC4/cyfitter_cfg.c **** 		for (i = 0u; i < (sizeof(cfg_memset_list)/sizeof(cfg_memset_list[0])); i++)
 334              		.loc 1 278 0
 335 010a FB1D     		add	r3, r7, #7
 336 010c 0022     		mov	r2, #0
 337 010e 1A70     		strb	r2, [r3]
 338 0110 23E0     		b	.L11
 339              	.L12:
 340              	.LBB3:
 279:Generated_Source\PSoC4/cyfitter_cfg.c **** 		{
 280:Generated_Source\PSoC4/cyfitter_cfg.c **** 			const cfg_memset_t CYCODE * CYDATA ms = &cfg_memset_list[i];
 341              		.loc 1 280 0 discriminator 3
 342 0112 FB1D     		add	r3, r7, #7
 343 0114 1A78     		ldrb	r2, [r3]
 344 0116 131C     		mov	r3, r2
 345 0118 5B00     		lsl	r3, r3, #1
 346 011a 9B18     		add	r3, r3, r2
 347 011c 5B00     		lsl	r3, r3, #1
ARM GAS  C:\Users\Samay\AppData\Local\Temp\ccrAqbO0.s 			page 12


 348 011e 3F4A     		ldr	r2, .L13+4
 349 0120 9B18     		add	r3, r3, r2
 350 0122 3B60     		str	r3, [r7]
 281:Generated_Source\PSoC4/cyfitter_cfg.c **** 			CYMEMZERO(ms->address, (size_t)(uint32)(ms->size));
 351              		.loc 1 281 0 discriminator 3
 352 0124 3B68     		ldr	r3, [r7]
 353 0126 1A78     		ldrb	r2, [r3]
 354 0128 5978     		ldrb	r1, [r3, #1]
 355 012a 0902     		lsl	r1, r1, #8
 356 012c 0A43     		orr	r2, r1
 357 012e 9978     		ldrb	r1, [r3, #2]
 358 0130 0904     		lsl	r1, r1, #16
 359 0132 0A43     		orr	r2, r1
 360 0134 DB78     		ldrb	r3, [r3, #3]
 361 0136 1B06     		lsl	r3, r3, #24
 362 0138 1343     		orr	r3, r2
 363 013a 191C     		mov	r1, r3
 364 013c 3B68     		ldr	r3, [r7]
 365 013e 1A79     		ldrb	r2, [r3, #4]
 366 0140 5B79     		ldrb	r3, [r3, #5]
 367 0142 1B02     		lsl	r3, r3, #8
 368 0144 1343     		orr	r3, r2
 369 0146 9BB2     		uxth	r3, r3
 370 0148 081C     		mov	r0, r1
 371 014a 191C     		mov	r1, r3
 372 014c FFF7FEFF 		bl	CYMEMZERO
 373              	.LBE3:
 278:Generated_Source\PSoC4/cyfitter_cfg.c **** 		{
 374              		.loc 1 278 0 discriminator 3
 375 0150 FB1D     		add	r3, r7, #7
 376 0152 1A78     		ldrb	r2, [r3]
 377 0154 FB1D     		add	r3, r7, #7
 378 0156 0132     		add	r2, r2, #1
 379 0158 1A70     		strb	r2, [r3]
 380              	.L11:
 278:Generated_Source\PSoC4/cyfitter_cfg.c **** 		{
 381              		.loc 1 278 0 is_stmt 0 discriminator 1
 382 015a FB1D     		add	r3, r7, #7
 383 015c 1B78     		ldrb	r3, [r3]
 384 015e 012B     		cmp	r3, #1
 385 0160 D7D9     		bls	.L12
 282:Generated_Source\PSoC4/cyfitter_cfg.c **** 		}
 283:Generated_Source\PSoC4/cyfitter_cfg.c **** 
 284:Generated_Source\PSoC4/cyfitter_cfg.c **** 		/* HSIOM Starting address: CYDEV_HSIOM_BASE */
 285:Generated_Source\PSoC4/cyfitter_cfg.c **** 		CY_SET_XTND_REG32((void CYFAR *)(CYDEV_HSIOM_BASE), 0xEE000099u);
 386              		.loc 1 285 0 is_stmt 1
 387 0162 2F4B     		ldr	r3, .L13+8
 388 0164 2F4A     		ldr	r2, .L13+12
 389 0166 1A60     		str	r2, [r3]
 286:Generated_Source\PSoC4/cyfitter_cfg.c **** 		CY_SET_XTND_REG32((void CYFAR *)(CYREG_HSIOM_PORT_SEL1), 0x00990000u);
 390              		.loc 1 286 0
 391 0168 2F4B     		ldr	r3, .L13+16
 392 016a 9922     		mov	r2, #153
 393 016c 1204     		lsl	r2, r2, #16
 394 016e 1A60     		str	r2, [r3]
 287:Generated_Source\PSoC4/cyfitter_cfg.c **** 
 288:Generated_Source\PSoC4/cyfitter_cfg.c **** 		/* UDB_PA_0 Starting address: CYDEV_UDB_PA0_BASE */
ARM GAS  C:\Users\Samay\AppData\Local\Temp\ccrAqbO0.s 			page 13


 289:Generated_Source\PSoC4/cyfitter_cfg.c **** 		CY_SET_XTND_REG32((void CYFAR *)(CYDEV_UDB_PA0_BASE), 0x00990000u);
 395              		.loc 1 289 0
 396 0170 2E4B     		ldr	r3, .L13+20
 397 0172 9922     		mov	r2, #153
 398 0174 1204     		lsl	r2, r2, #16
 399 0176 1A60     		str	r2, [r3]
 290:Generated_Source\PSoC4/cyfitter_cfg.c **** 
 291:Generated_Source\PSoC4/cyfitter_cfg.c **** 		/* UDB_PA_1 Starting address: CYDEV_UDB_PA1_BASE */
 292:Generated_Source\PSoC4/cyfitter_cfg.c **** 		CY_SET_XTND_REG32((void CYFAR *)(CYDEV_UDB_PA1_BASE), 0x00990000u);
 400              		.loc 1 292 0
 401 0178 2D4B     		ldr	r3, .L13+24
 402 017a 9922     		mov	r2, #153
 403 017c 1204     		lsl	r2, r2, #16
 404 017e 1A60     		str	r2, [r3]
 293:Generated_Source\PSoC4/cyfitter_cfg.c **** 
 294:Generated_Source\PSoC4/cyfitter_cfg.c **** 		/* UDB_PA_2 Starting address: CYDEV_UDB_PA2_BASE */
 295:Generated_Source\PSoC4/cyfitter_cfg.c **** 		CY_SET_XTND_REG32((void CYFAR *)(CYDEV_UDB_PA2_BASE), 0x00990000u);
 405              		.loc 1 295 0
 406 0180 2C4B     		ldr	r3, .L13+28
 407 0182 9922     		mov	r2, #153
 408 0184 1204     		lsl	r2, r2, #16
 409 0186 1A60     		str	r2, [r3]
 296:Generated_Source\PSoC4/cyfitter_cfg.c **** 
 297:Generated_Source\PSoC4/cyfitter_cfg.c **** 		/* UDB_PA_3 Starting address: CYDEV_UDB_PA3_BASE */
 298:Generated_Source\PSoC4/cyfitter_cfg.c **** 		CY_SET_XTND_REG32((void CYFAR *)(CYDEV_UDB_PA3_BASE), 0x00990000u);
 410              		.loc 1 298 0
 411 0188 2B4B     		ldr	r3, .L13+32
 412 018a 9922     		mov	r2, #153
 413 018c 1204     		lsl	r2, r2, #16
 414 018e 1A60     		str	r2, [r3]
 299:Generated_Source\PSoC4/cyfitter_cfg.c **** 
 300:Generated_Source\PSoC4/cyfitter_cfg.c **** 		/* Enable digital routing */
 301:Generated_Source\PSoC4/cyfitter_cfg.c **** 		CY_SET_XTND_REG8((void *)CYREG_UDB_UDBIF_BANK_CTL, CY_GET_XTND_REG8((void *)CYREG_UDB_UDBIF_BANK_
 415              		.loc 1 301 0
 416 0190 2A4A     		ldr	r2, .L13+36
 417 0192 2A4B     		ldr	r3, .L13+36
 418 0194 1B78     		ldrb	r3, [r3]
 419 0196 DBB2     		uxtb	r3, r3
 420 0198 0221     		mov	r1, #2
 421 019a 0B43     		orr	r3, r1
 422 019c DBB2     		uxtb	r3, r3
 423 019e 1370     		strb	r3, [r2]
 302:Generated_Source\PSoC4/cyfitter_cfg.c **** 
 303:Generated_Source\PSoC4/cyfitter_cfg.c **** 		/* Enable UDB array */
 304:Generated_Source\PSoC4/cyfitter_cfg.c **** 		CY_SET_XTND_REG8((void *)CYREG_UDB_UDBIF_WAIT_CFG, (uint8)((CY_GET_XTND_REG8((void *)CYREG_UDB_UD
 424              		.loc 1 304 0
 425 01a0 274A     		ldr	r2, .L13+40
 426 01a2 274B     		ldr	r3, .L13+40
 427 01a4 1B78     		ldrb	r3, [r3]
 428 01a6 DBB2     		uxtb	r3, r3
 429 01a8 3C21     		mov	r1, #60
 430 01aa 8B43     		bic	r3, r1
 431 01ac DBB2     		uxtb	r3, r3
 432 01ae 1421     		mov	r1, #20
 433 01b0 0B43     		orr	r3, r1
 434 01b2 DBB2     		uxtb	r3, r3
 435 01b4 1370     		strb	r3, [r2]
ARM GAS  C:\Users\Samay\AppData\Local\Temp\ccrAqbO0.s 			page 14


 305:Generated_Source\PSoC4/cyfitter_cfg.c **** 		CY_SET_XTND_REG8((void *)CYREG_UDB_UDBIF_BANK_CTL, (uint8)(CY_GET_XTND_REG8((void *)CYREG_UDB_UDB
 436              		.loc 1 305 0
 437 01b6 214A     		ldr	r2, .L13+36
 438 01b8 204B     		ldr	r3, .L13+36
 439 01ba 1B78     		ldrb	r3, [r3]
 440 01bc DBB2     		uxtb	r3, r3
 441 01be 1621     		mov	r1, #22
 442 01c0 0B43     		orr	r3, r1
 443 01c2 DBB2     		uxtb	r3, r3
 444 01c4 1370     		strb	r3, [r2]
 445              	.LBE2:
 306:Generated_Source\PSoC4/cyfitter_cfg.c **** 	}
 307:Generated_Source\PSoC4/cyfitter_cfg.c **** 
 308:Generated_Source\PSoC4/cyfitter_cfg.c **** 	/* Perform second pass device configuration. These items must be configured in specific order afte
 309:Generated_Source\PSoC4/cyfitter_cfg.c **** 	/* IOPINS0_0 Starting address: CYDEV_GPIO_PRT0_BASE */
 310:Generated_Source\PSoC4/cyfitter_cfg.c **** 	CY_SET_XTND_REG32((void CYFAR *)(CYDEV_GPIO_PRT0_BASE), 0x00000002u);
 446              		.loc 1 310 0
 447 01c6 1F4B     		ldr	r3, .L13+44
 448 01c8 0222     		mov	r2, #2
 449 01ca 1A60     		str	r2, [r3]
 311:Generated_Source\PSoC4/cyfitter_cfg.c **** 	CY_SET_XTND_REG32((void CYFAR *)(CYREG_GPIO_PRT0_PC), 0x00D80031u);
 450              		.loc 1 311 0
 451 01cc 1E4B     		ldr	r3, .L13+48
 452 01ce 1F4A     		ldr	r2, .L13+52
 453 01d0 1A60     		str	r2, [r3]
 312:Generated_Source\PSoC4/cyfitter_cfg.c **** 	CY_SET_XTND_REG32((void CYFAR *)(CYREG_GPIO_PRT0_PC2), 0x00000002u);
 454              		.loc 1 312 0
 455 01d2 1F4B     		ldr	r3, .L13+56
 456 01d4 0222     		mov	r2, #2
 457 01d6 1A60     		str	r2, [r3]
 313:Generated_Source\PSoC4/cyfitter_cfg.c **** 
 314:Generated_Source\PSoC4/cyfitter_cfg.c **** 	/* IOPINS0_1 Starting address: CYDEV_GPIO_PRT1_BASE */
 315:Generated_Source\PSoC4/cyfitter_cfg.c **** 	CY_SET_XTND_REG32((void CYFAR *)(CYDEV_GPIO_PRT1_BASE), 0x00000020u);
 458              		.loc 1 315 0
 459 01d8 1E4B     		ldr	r3, .L13+60
 460 01da 2022     		mov	r2, #32
 461 01dc 1A60     		str	r2, [r3]
 316:Generated_Source\PSoC4/cyfitter_cfg.c **** 	CY_SET_XTND_REG32((void CYFAR *)(CYREG_GPIO_PRT1_PC), 0x00031000u);
 462              		.loc 1 316 0
 463 01de 1E4B     		ldr	r3, .L13+64
 464 01e0 C422     		mov	r2, #196
 465 01e2 9202     		lsl	r2, r2, #10
 466 01e4 1A60     		str	r2, [r3]
 317:Generated_Source\PSoC4/cyfitter_cfg.c **** 	CY_SET_XTND_REG32((void CYFAR *)(CYREG_GPIO_PRT1_PC2), 0x00000020u);
 467              		.loc 1 317 0
 468 01e6 1D4B     		ldr	r3, .L13+68
 469 01e8 2022     		mov	r2, #32
 470 01ea 1A60     		str	r2, [r3]
 318:Generated_Source\PSoC4/cyfitter_cfg.c **** 
 319:Generated_Source\PSoC4/cyfitter_cfg.c **** 	/* IOPINS0_2 Starting address: CYDEV_GPIO_PRT2_BASE */
 320:Generated_Source\PSoC4/cyfitter_cfg.c **** 	CY_SET_XTND_REG32((void CYFAR *)(CYDEV_GPIO_PRT2_BASE), 0x00000040u);
 471              		.loc 1 320 0
 472 01ec 1C4B     		ldr	r3, .L13+72
 473 01ee 4022     		mov	r2, #64
 474 01f0 1A60     		str	r2, [r3]
 321:Generated_Source\PSoC4/cyfitter_cfg.c **** 	CY_SET_XTND_REG32((void CYFAR *)(CYREG_GPIO_PRT2_PC), 0x00180000u);
 475              		.loc 1 321 0
ARM GAS  C:\Users\Samay\AppData\Local\Temp\ccrAqbO0.s 			page 15


 476 01f2 1C4B     		ldr	r3, .L13+76
 477 01f4 C022     		mov	r2, #192
 478 01f6 5203     		lsl	r2, r2, #13
 479 01f8 1A60     		str	r2, [r3]
 322:Generated_Source\PSoC4/cyfitter_cfg.c **** 
 323:Generated_Source\PSoC4/cyfitter_cfg.c **** 	/* IOPINS0_3 Starting address: CYDEV_GPIO_PRT3_BASE */
 324:Generated_Source\PSoC4/cyfitter_cfg.c **** 	CY_SET_XTND_REG32((void CYFAR *)(CYDEV_GPIO_PRT3_BASE), 0x000000C0u);
 480              		.loc 1 324 0
 481 01fa 1B4B     		ldr	r3, .L13+80
 482 01fc C022     		mov	r2, #192
 483 01fe 1A60     		str	r2, [r3]
 325:Generated_Source\PSoC4/cyfitter_cfg.c **** 	CY_SET_XTND_REG32((void CYFAR *)(CYREG_GPIO_PRT3_PC), 0x00D80000u);
 484              		.loc 1 325 0
 485 0200 1A4B     		ldr	r3, .L13+84
 486 0202 D822     		mov	r2, #216
 487 0204 1204     		lsl	r2, r2, #16
 488 0206 1A60     		str	r2, [r3]
 326:Generated_Source\PSoC4/cyfitter_cfg.c **** 
 327:Generated_Source\PSoC4/cyfitter_cfg.c **** 
 328:Generated_Source\PSoC4/cyfitter_cfg.c **** 	/* Setup clocks based on selections from Clock DWR */
 329:Generated_Source\PSoC4/cyfitter_cfg.c **** 	ClockSetup();
 489              		.loc 1 329 0
 490 0208 FFF7FAFE 		bl	ClockSetup
 330:Generated_Source\PSoC4/cyfitter_cfg.c **** 
 331:Generated_Source\PSoC4/cyfitter_cfg.c **** 	/* Perform basic analog initialization to defaults */
 332:Generated_Source\PSoC4/cyfitter_cfg.c **** 	AnalogSetDefault();
 491              		.loc 1 332 0
 492 020c FFF7FEFF 		bl	AnalogSetDefault
 333:Generated_Source\PSoC4/cyfitter_cfg.c **** 
 334:Generated_Source\PSoC4/cyfitter_cfg.c **** }
 493              		.loc 1 334 0
 494 0210 BD46     		mov	sp, r7
 495 0212 02B0     		add	sp, sp, #8
 496              		@ sp needed
 497 0214 80BD     		pop	{r7, pc}
 498              	.L14:
 499 0216 C046     		.align	2
 500              	.L13:
 501 0218 6CF02E40 		.word	1076818028
 502 021c 00000000 		.word	cfg_memset_list.4762
 503 0220 00000240 		.word	1073872896
 504 0224 990000EE 		.word	-301989735
 505 0228 00010240 		.word	1073873152
 506 022c 00500F40 		.word	1074745344
 507 0230 10500F40 		.word	1074745360
 508 0234 20500F40 		.word	1074745376
 509 0238 30500F40 		.word	1074745392
 510 023c 00700F40 		.word	1074753536
 511 0240 01700F40 		.word	1074753537
 512 0244 00000440 		.word	1074003968
 513 0248 08000440 		.word	1074003976
 514 024c 3100D800 		.word	14155825
 515 0250 18000440 		.word	1074003992
 516 0254 00010440 		.word	1074004224
 517 0258 08010440 		.word	1074004232
 518 025c 18010440 		.word	1074004248
 519 0260 00020440 		.word	1074004480
ARM GAS  C:\Users\Samay\AppData\Local\Temp\ccrAqbO0.s 			page 16


 520 0264 08020440 		.word	1074004488
 521 0268 00030440 		.word	1074004736
 522 026c 08030440 		.word	1074004744
 523              		.cfi_endproc
 524              	.LFE7:
 525              		.size	cyfitter_cfg, .-cyfitter_cfg
 526              		.section	.rodata
 527              		.align	2
 528              		.type	cfg_memset_list.4762, %object
 529              		.size	cfg_memset_list.4762, 12
 530              	cfg_memset_list.4762:
 531 0000 00300F40 		.word	1074737152
 532 0004 0004     		.short	1024
 533 0006 00400F40 		.4byte	1074741248
 534 000a 0004     		.short	1024
 535              		.text
 536              	.Letext0:
 537              		.file 2 "c:\\program files (x86)\\cypress\\psoc creator\\4.0\\psoc creator\\import\\gnu\\arm\\4.9.
 538              		.file 3 "Generated_Source\\PSoC4\\cytypes.h"
 539              		.section	.debug_info,"",%progbits
 540              	.Ldebug_info0:
 541 0000 4D020000 		.4byte	0x24d
 542 0004 0400     		.2byte	0x4
 543 0006 00000000 		.4byte	.Ldebug_abbrev0
 544 000a 04       		.byte	0x4
 545 000b 01       		.uleb128 0x1
 546 000c A5000000 		.4byte	.LASF29
 547 0010 01       		.byte	0x1
 548 0011 F5010000 		.4byte	.LASF30
 549 0015 A0010000 		.4byte	.LASF31
 550 0019 00000000 		.4byte	.Ldebug_ranges0+0
 551 001d 00000000 		.4byte	0
 552 0021 00000000 		.4byte	.Ldebug_line0
 553 0025 02       		.uleb128 0x2
 554 0026 04       		.byte	0x4
 555 0027 05       		.byte	0x5
 556 0028 696E7400 		.ascii	"int\000"
 557 002c 03       		.uleb128 0x3
 558 002d 06000000 		.4byte	.LASF11
 559 0031 02       		.byte	0x2
 560 0032 D4       		.byte	0xd4
 561 0033 37000000 		.4byte	0x37
 562 0037 04       		.uleb128 0x4
 563 0038 04       		.byte	0x4
 564 0039 07       		.byte	0x7
 565 003a 41010000 		.4byte	.LASF0
 566 003e 04       		.uleb128 0x4
 567 003f 01       		.byte	0x1
 568 0040 06       		.byte	0x6
 569 0041 E9010000 		.4byte	.LASF1
 570 0045 04       		.uleb128 0x4
 571 0046 01       		.byte	0x1
 572 0047 08       		.byte	0x8
 573 0048 83000000 		.4byte	.LASF2
 574 004c 04       		.uleb128 0x4
 575 004d 02       		.byte	0x2
 576 004e 05       		.byte	0x5
ARM GAS  C:\Users\Samay\AppData\Local\Temp\ccrAqbO0.s 			page 17


 577 004f 96010000 		.4byte	.LASF3
 578 0053 04       		.uleb128 0x4
 579 0054 02       		.byte	0x2
 580 0055 07       		.byte	0x7
 581 0056 39000000 		.4byte	.LASF4
 582 005a 04       		.uleb128 0x4
 583 005b 04       		.byte	0x4
 584 005c 05       		.byte	0x5
 585 005d E0010000 		.4byte	.LASF5
 586 0061 04       		.uleb128 0x4
 587 0062 04       		.byte	0x4
 588 0063 07       		.byte	0x7
 589 0064 61000000 		.4byte	.LASF6
 590 0068 04       		.uleb128 0x4
 591 0069 08       		.byte	0x8
 592 006a 05       		.byte	0x5
 593 006b 83010000 		.4byte	.LASF7
 594 006f 04       		.uleb128 0x4
 595 0070 08       		.byte	0x8
 596 0071 07       		.byte	0x7
 597 0072 56010000 		.4byte	.LASF8
 598 0076 04       		.uleb128 0x4
 599 0077 04       		.byte	0x4
 600 0078 07       		.byte	0x7
 601 0079 7A010000 		.4byte	.LASF9
 602 007d 05       		.uleb128 0x5
 603 007e 04       		.byte	0x4
 604 007f 04       		.uleb128 0x4
 605 0080 01       		.byte	0x1
 606 0081 08       		.byte	0x8
 607 0082 91010000 		.4byte	.LASF10
 608 0086 06       		.uleb128 0x6
 609 0087 73000000 		.4byte	.LASF12
 610 008b 03       		.byte	0x3
 611 008c B901     		.2byte	0x1b9
 612 008e 45000000 		.4byte	0x45
 613 0092 06       		.uleb128 0x6
 614 0093 33010000 		.4byte	.LASF13
 615 0097 03       		.byte	0x3
 616 0098 BA01     		.2byte	0x1ba
 617 009a 53000000 		.4byte	0x53
 618 009e 06       		.uleb128 0x6
 619 009f 3A010000 		.4byte	.LASF14
 620 00a3 03       		.byte	0x3
 621 00a4 BB01     		.2byte	0x1bb
 622 00a6 61000000 		.4byte	0x61
 623 00aa 04       		.uleb128 0x4
 624 00ab 04       		.byte	0x4
 625 00ac 04       		.byte	0x4
 626 00ad 4C000000 		.4byte	.LASF15
 627 00b1 04       		.uleb128 0x4
 628 00b2 08       		.byte	0x8
 629 00b3 04       		.byte	0x4
 630 00b4 91000000 		.4byte	.LASF16
 631 00b8 06       		.uleb128 0x6
 632 00b9 5C000000 		.4byte	.LASF17
 633 00bd 03       		.byte	0x3
ARM GAS  C:\Users\Samay\AppData\Local\Temp\ccrAqbO0.s 			page 18


 634 00be 6302     		.2byte	0x263
 635 00c0 C4000000 		.4byte	0xc4
 636 00c4 07       		.uleb128 0x7
 637 00c5 86000000 		.4byte	0x86
 638 00c9 06       		.uleb128 0x6
 639 00ca 00000000 		.4byte	.LASF18
 640 00ce 03       		.byte	0x3
 641 00cf 6502     		.2byte	0x265
 642 00d1 D5000000 		.4byte	0xd5
 643 00d5 07       		.uleb128 0x7
 644 00d6 9E000000 		.4byte	0x9e
 645 00da 08       		.uleb128 0x8
 646 00db 79000000 		.4byte	.LASF19
 647 00df 01       		.byte	0x1
 648 00e0 3C       		.byte	0x3c
 649 00e1 00000000 		.4byte	.LFB2
 650 00e5 1E000000 		.4byte	.LFE2-.LFB2
 651 00e9 01       		.uleb128 0x1
 652 00ea 9C       		.byte	0x9c
 653 00eb 08010000 		.4byte	0x108
 654 00ef 09       		.uleb128 0x9
 655 00f0 7300     		.ascii	"s\000"
 656 00f2 01       		.byte	0x1
 657 00f3 3C       		.byte	0x3c
 658 00f4 7D000000 		.4byte	0x7d
 659 00f8 02       		.uleb128 0x2
 660 00f9 91       		.byte	0x91
 661 00fa 74       		.sleb128 -12
 662 00fb 09       		.uleb128 0x9
 663 00fc 6E00     		.ascii	"n\000"
 664 00fe 01       		.byte	0x1
 665 00ff 3C       		.byte	0x3c
 666 0100 2C000000 		.4byte	0x2c
 667 0104 02       		.uleb128 0x2
 668 0105 91       		.byte	0x91
 669 0106 70       		.sleb128 -16
 670 0107 00       		.byte	0
 671 0108 08       		.uleb128 0x8
 672 0109 2B020000 		.4byte	.LASF20
 673 010d 01       		.byte	0x1
 674 010e 43       		.byte	0x43
 675 010f 00000000 		.4byte	.LFB3
 676 0113 22000000 		.4byte	.LFE3-.LFB3
 677 0117 01       		.uleb128 0x1
 678 0118 9C       		.byte	0x9c
 679 0119 46010000 		.4byte	0x146
 680 011d 0A       		.uleb128 0xa
 681 011e 52000000 		.4byte	.LASF21
 682 0122 01       		.byte	0x1
 683 0123 43       		.byte	0x43
 684 0124 7D000000 		.4byte	0x7d
 685 0128 02       		.uleb128 0x2
 686 0129 91       		.byte	0x91
 687 012a 74       		.sleb128 -12
 688 012b 09       		.uleb128 0x9
 689 012c 73726300 		.ascii	"src\000"
 690 0130 01       		.byte	0x1
ARM GAS  C:\Users\Samay\AppData\Local\Temp\ccrAqbO0.s 			page 19


 691 0131 43       		.byte	0x43
 692 0132 46010000 		.4byte	0x146
 693 0136 02       		.uleb128 0x2
 694 0137 91       		.byte	0x91
 695 0138 70       		.sleb128 -16
 696 0139 09       		.uleb128 0x9
 697 013a 6E00     		.ascii	"n\000"
 698 013c 01       		.byte	0x1
 699 013d 43       		.byte	0x43
 700 013e 2C000000 		.4byte	0x2c
 701 0142 02       		.uleb128 0x2
 702 0143 91       		.byte	0x91
 703 0144 6C       		.sleb128 -20
 704 0145 00       		.byte	0
 705 0146 0B       		.uleb128 0xb
 706 0147 04       		.byte	0x4
 707 0148 4C010000 		.4byte	0x14c
 708 014c 0C       		.uleb128 0xc
 709 014d 08       		.uleb128 0x8
 710 014e 1B020000 		.4byte	.LASF22
 711 0152 01       		.byte	0x1
 712 0153 4A       		.byte	0x4a
 713 0154 00000000 		.4byte	.LFB4
 714 0158 22000000 		.4byte	.LFE4-.LFB4
 715 015c 01       		.uleb128 0x1
 716 015d 9C       		.byte	0x9c
 717 015e 8B010000 		.4byte	0x18b
 718 0162 0A       		.uleb128 0xa
 719 0163 52000000 		.4byte	.LASF21
 720 0167 01       		.byte	0x1
 721 0168 4A       		.byte	0x4a
 722 0169 7D000000 		.4byte	0x7d
 723 016d 02       		.uleb128 0x2
 724 016e 91       		.byte	0x91
 725 016f 74       		.sleb128 -12
 726 0170 09       		.uleb128 0x9
 727 0171 73726300 		.ascii	"src\000"
 728 0175 01       		.byte	0x1
 729 0176 4A       		.byte	0x4a
 730 0177 46010000 		.4byte	0x146
 731 017b 02       		.uleb128 0x2
 732 017c 91       		.byte	0x91
 733 017d 70       		.sleb128 -16
 734 017e 09       		.uleb128 0x9
 735 017f 6E00     		.ascii	"n\000"
 736 0181 01       		.byte	0x1
 737 0182 4A       		.byte	0x4a
 738 0183 2C000000 		.4byte	0x2c
 739 0187 02       		.uleb128 0x2
 740 0188 91       		.byte	0x91
 741 0189 6C       		.sleb128 -20
 742 018a 00       		.byte	0
 743 018b 0D       		.uleb128 0xd
 744 018c 2E000000 		.4byte	.LASF23
 745 0190 01       		.byte	0x1
 746 0191 9C       		.byte	0x9c
 747 0192 00000000 		.4byte	.LFB5
ARM GAS  C:\Users\Samay\AppData\Local\Temp\ccrAqbO0.s 			page 20


 748 0196 FC000000 		.4byte	.LFE5-.LFB5
 749 019a 01       		.uleb128 0x1
 750 019b 9C       		.byte	0x9c
 751 019c 0E       		.uleb128 0xe
 752 019d 0D000000 		.4byte	.LASF24
 753 01a1 01       		.byte	0x1
 754 01a2 E4       		.byte	0xe4
 755 01a3 00000000 		.4byte	.LFB6
 756 01a7 28000000 		.4byte	.LFE6-.LFB6
 757 01ab 01       		.uleb128 0x1
 758 01ac 9C       		.byte	0x9c
 759 01ad 0F       		.uleb128 0xf
 760 01ae 98000000 		.4byte	.LASF32
 761 01b2 01       		.byte	0x1
 762 01b3 FF       		.byte	0xff
 763 01b4 FC000000 		.4byte	.LFB7
 764 01b8 74010000 		.4byte	.LFE7-.LFB7
 765 01bc 01       		.uleb128 0x1
 766 01bd 9C       		.byte	0x9c
 767 01be 10       		.uleb128 0x10
 768 01bf 0A010000 		.4byte	.LBB2
 769 01c3 BC000000 		.4byte	.LBE2-.LBB2
 770 01c7 11       		.uleb128 0x11
 771 01c8 06       		.byte	0x6
 772 01c9 01       		.byte	0x1
 773 01ca 0801     		.2byte	0x108
 774 01cc EB010000 		.4byte	0x1eb
 775 01d0 12       		.uleb128 0x12
 776 01d1 4E010000 		.4byte	.LASF25
 777 01d5 01       		.byte	0x1
 778 01d6 0901     		.2byte	0x109
 779 01d8 7D000000 		.4byte	0x7d
 780 01dc 00       		.byte	0
 781 01dd 12       		.uleb128 0x12
 782 01de 57000000 		.4byte	.LASF26
 783 01e2 01       		.byte	0x1
 784 01e3 0A01     		.2byte	0x10a
 785 01e5 92000000 		.4byte	0x92
 786 01e9 04       		.byte	0x4
 787 01ea 00       		.byte	0
 788 01eb 06       		.uleb128 0x6
 789 01ec 6D010000 		.4byte	.LASF27
 790 01f0 01       		.byte	0x1
 791 01f1 0B01     		.2byte	0x10b
 792 01f3 C7010000 		.4byte	0x1c7
 793 01f7 13       		.uleb128 0x13
 794 01f8 EB010000 		.4byte	0x1eb
 795 01fc 07020000 		.4byte	0x207
 796 0200 14       		.uleb128 0x14
 797 0201 76000000 		.4byte	0x76
 798 0205 01       		.byte	0x1
 799 0206 00       		.byte	0
 800 0207 15       		.uleb128 0x15
 801 0208 1E000000 		.4byte	.LASF28
 802 020c 01       		.byte	0x1
 803 020d 0D01     		.2byte	0x10d
 804 020f 19020000 		.4byte	0x219
ARM GAS  C:\Users\Samay\AppData\Local\Temp\ccrAqbO0.s 			page 21


 805 0213 05       		.uleb128 0x5
 806 0214 03       		.byte	0x3
 807 0215 00000000 		.4byte	cfg_memset_list.4762
 808 0219 16       		.uleb128 0x16
 809 021a F7010000 		.4byte	0x1f7
 810 021e 17       		.uleb128 0x17
 811 021f 6900     		.ascii	"i\000"
 812 0221 01       		.byte	0x1
 813 0222 1301     		.2byte	0x113
 814 0224 86000000 		.4byte	0x86
 815 0228 02       		.uleb128 0x2
 816 0229 91       		.byte	0x91
 817 022a 77       		.sleb128 -9
 818 022b 10       		.uleb128 0x10
 819 022c 12010000 		.4byte	.LBB3
 820 0230 3E000000 		.4byte	.LBE3-.LBB3
 821 0234 17       		.uleb128 0x17
 822 0235 6D7300   		.ascii	"ms\000"
 823 0238 01       		.byte	0x1
 824 0239 1801     		.2byte	0x118
 825 023b 42020000 		.4byte	0x242
 826 023f 02       		.uleb128 0x2
 827 0240 91       		.byte	0x91
 828 0241 70       		.sleb128 -16
 829 0242 0B       		.uleb128 0xb
 830 0243 04       		.byte	0x4
 831 0244 48020000 		.4byte	0x248
 832 0248 16       		.uleb128 0x16
 833 0249 EB010000 		.4byte	0x1eb
 834 024d 00       		.byte	0
 835 024e 00       		.byte	0
 836 024f 00       		.byte	0
 837 0250 00       		.byte	0
 838              		.section	.debug_abbrev,"",%progbits
 839              	.Ldebug_abbrev0:
 840 0000 01       		.uleb128 0x1
 841 0001 11       		.uleb128 0x11
 842 0002 01       		.byte	0x1
 843 0003 25       		.uleb128 0x25
 844 0004 0E       		.uleb128 0xe
 845 0005 13       		.uleb128 0x13
 846 0006 0B       		.uleb128 0xb
 847 0007 03       		.uleb128 0x3
 848 0008 0E       		.uleb128 0xe
 849 0009 1B       		.uleb128 0x1b
 850 000a 0E       		.uleb128 0xe
 851 000b 55       		.uleb128 0x55
 852 000c 17       		.uleb128 0x17
 853 000d 11       		.uleb128 0x11
 854 000e 01       		.uleb128 0x1
 855 000f 10       		.uleb128 0x10
 856 0010 17       		.uleb128 0x17
 857 0011 00       		.byte	0
 858 0012 00       		.byte	0
 859 0013 02       		.uleb128 0x2
 860 0014 24       		.uleb128 0x24
 861 0015 00       		.byte	0
ARM GAS  C:\Users\Samay\AppData\Local\Temp\ccrAqbO0.s 			page 22


 862 0016 0B       		.uleb128 0xb
 863 0017 0B       		.uleb128 0xb
 864 0018 3E       		.uleb128 0x3e
 865 0019 0B       		.uleb128 0xb
 866 001a 03       		.uleb128 0x3
 867 001b 08       		.uleb128 0x8
 868 001c 00       		.byte	0
 869 001d 00       		.byte	0
 870 001e 03       		.uleb128 0x3
 871 001f 16       		.uleb128 0x16
 872 0020 00       		.byte	0
 873 0021 03       		.uleb128 0x3
 874 0022 0E       		.uleb128 0xe
 875 0023 3A       		.uleb128 0x3a
 876 0024 0B       		.uleb128 0xb
 877 0025 3B       		.uleb128 0x3b
 878 0026 0B       		.uleb128 0xb
 879 0027 49       		.uleb128 0x49
 880 0028 13       		.uleb128 0x13
 881 0029 00       		.byte	0
 882 002a 00       		.byte	0
 883 002b 04       		.uleb128 0x4
 884 002c 24       		.uleb128 0x24
 885 002d 00       		.byte	0
 886 002e 0B       		.uleb128 0xb
 887 002f 0B       		.uleb128 0xb
 888 0030 3E       		.uleb128 0x3e
 889 0031 0B       		.uleb128 0xb
 890 0032 03       		.uleb128 0x3
 891 0033 0E       		.uleb128 0xe
 892 0034 00       		.byte	0
 893 0035 00       		.byte	0
 894 0036 05       		.uleb128 0x5
 895 0037 0F       		.uleb128 0xf
 896 0038 00       		.byte	0
 897 0039 0B       		.uleb128 0xb
 898 003a 0B       		.uleb128 0xb
 899 003b 00       		.byte	0
 900 003c 00       		.byte	0
 901 003d 06       		.uleb128 0x6
 902 003e 16       		.uleb128 0x16
 903 003f 00       		.byte	0
 904 0040 03       		.uleb128 0x3
 905 0041 0E       		.uleb128 0xe
 906 0042 3A       		.uleb128 0x3a
 907 0043 0B       		.uleb128 0xb
 908 0044 3B       		.uleb128 0x3b
 909 0045 05       		.uleb128 0x5
 910 0046 49       		.uleb128 0x49
 911 0047 13       		.uleb128 0x13
 912 0048 00       		.byte	0
 913 0049 00       		.byte	0
 914 004a 07       		.uleb128 0x7
 915 004b 35       		.uleb128 0x35
 916 004c 00       		.byte	0
 917 004d 49       		.uleb128 0x49
 918 004e 13       		.uleb128 0x13
ARM GAS  C:\Users\Samay\AppData\Local\Temp\ccrAqbO0.s 			page 23


 919 004f 00       		.byte	0
 920 0050 00       		.byte	0
 921 0051 08       		.uleb128 0x8
 922 0052 2E       		.uleb128 0x2e
 923 0053 01       		.byte	0x1
 924 0054 03       		.uleb128 0x3
 925 0055 0E       		.uleb128 0xe
 926 0056 3A       		.uleb128 0x3a
 927 0057 0B       		.uleb128 0xb
 928 0058 3B       		.uleb128 0x3b
 929 0059 0B       		.uleb128 0xb
 930 005a 27       		.uleb128 0x27
 931 005b 19       		.uleb128 0x19
 932 005c 11       		.uleb128 0x11
 933 005d 01       		.uleb128 0x1
 934 005e 12       		.uleb128 0x12
 935 005f 06       		.uleb128 0x6
 936 0060 40       		.uleb128 0x40
 937 0061 18       		.uleb128 0x18
 938 0062 9642     		.uleb128 0x2116
 939 0064 19       		.uleb128 0x19
 940 0065 01       		.uleb128 0x1
 941 0066 13       		.uleb128 0x13
 942 0067 00       		.byte	0
 943 0068 00       		.byte	0
 944 0069 09       		.uleb128 0x9
 945 006a 05       		.uleb128 0x5
 946 006b 00       		.byte	0
 947 006c 03       		.uleb128 0x3
 948 006d 08       		.uleb128 0x8
 949 006e 3A       		.uleb128 0x3a
 950 006f 0B       		.uleb128 0xb
 951 0070 3B       		.uleb128 0x3b
 952 0071 0B       		.uleb128 0xb
 953 0072 49       		.uleb128 0x49
 954 0073 13       		.uleb128 0x13
 955 0074 02       		.uleb128 0x2
 956 0075 18       		.uleb128 0x18
 957 0076 00       		.byte	0
 958 0077 00       		.byte	0
 959 0078 0A       		.uleb128 0xa
 960 0079 05       		.uleb128 0x5
 961 007a 00       		.byte	0
 962 007b 03       		.uleb128 0x3
 963 007c 0E       		.uleb128 0xe
 964 007d 3A       		.uleb128 0x3a
 965 007e 0B       		.uleb128 0xb
 966 007f 3B       		.uleb128 0x3b
 967 0080 0B       		.uleb128 0xb
 968 0081 49       		.uleb128 0x49
 969 0082 13       		.uleb128 0x13
 970 0083 02       		.uleb128 0x2
 971 0084 18       		.uleb128 0x18
 972 0085 00       		.byte	0
 973 0086 00       		.byte	0
 974 0087 0B       		.uleb128 0xb
 975 0088 0F       		.uleb128 0xf
ARM GAS  C:\Users\Samay\AppData\Local\Temp\ccrAqbO0.s 			page 24


 976 0089 00       		.byte	0
 977 008a 0B       		.uleb128 0xb
 978 008b 0B       		.uleb128 0xb
 979 008c 49       		.uleb128 0x49
 980 008d 13       		.uleb128 0x13
 981 008e 00       		.byte	0
 982 008f 00       		.byte	0
 983 0090 0C       		.uleb128 0xc
 984 0091 26       		.uleb128 0x26
 985 0092 00       		.byte	0
 986 0093 00       		.byte	0
 987 0094 00       		.byte	0
 988 0095 0D       		.uleb128 0xd
 989 0096 2E       		.uleb128 0x2e
 990 0097 00       		.byte	0
 991 0098 03       		.uleb128 0x3
 992 0099 0E       		.uleb128 0xe
 993 009a 3A       		.uleb128 0x3a
 994 009b 0B       		.uleb128 0xb
 995 009c 3B       		.uleb128 0x3b
 996 009d 0B       		.uleb128 0xb
 997 009e 27       		.uleb128 0x27
 998 009f 19       		.uleb128 0x19
 999 00a0 11       		.uleb128 0x11
 1000 00a1 01       		.uleb128 0x1
 1001 00a2 12       		.uleb128 0x12
 1002 00a3 06       		.uleb128 0x6
 1003 00a4 40       		.uleb128 0x40
 1004 00a5 18       		.uleb128 0x18
 1005 00a6 9642     		.uleb128 0x2116
 1006 00a8 19       		.uleb128 0x19
 1007 00a9 00       		.byte	0
 1008 00aa 00       		.byte	0
 1009 00ab 0E       		.uleb128 0xe
 1010 00ac 2E       		.uleb128 0x2e
 1011 00ad 00       		.byte	0
 1012 00ae 03       		.uleb128 0x3
 1013 00af 0E       		.uleb128 0xe
 1014 00b0 3A       		.uleb128 0x3a
 1015 00b1 0B       		.uleb128 0xb
 1016 00b2 3B       		.uleb128 0x3b
 1017 00b3 0B       		.uleb128 0xb
 1018 00b4 27       		.uleb128 0x27
 1019 00b5 19       		.uleb128 0x19
 1020 00b6 11       		.uleb128 0x11
 1021 00b7 01       		.uleb128 0x1
 1022 00b8 12       		.uleb128 0x12
 1023 00b9 06       		.uleb128 0x6
 1024 00ba 40       		.uleb128 0x40
 1025 00bb 18       		.uleb128 0x18
 1026 00bc 9742     		.uleb128 0x2117
 1027 00be 19       		.uleb128 0x19
 1028 00bf 00       		.byte	0
 1029 00c0 00       		.byte	0
 1030 00c1 0F       		.uleb128 0xf
 1031 00c2 2E       		.uleb128 0x2e
 1032 00c3 01       		.byte	0x1
ARM GAS  C:\Users\Samay\AppData\Local\Temp\ccrAqbO0.s 			page 25


 1033 00c4 3F       		.uleb128 0x3f
 1034 00c5 19       		.uleb128 0x19
 1035 00c6 03       		.uleb128 0x3
 1036 00c7 0E       		.uleb128 0xe
 1037 00c8 3A       		.uleb128 0x3a
 1038 00c9 0B       		.uleb128 0xb
 1039 00ca 3B       		.uleb128 0x3b
 1040 00cb 0B       		.uleb128 0xb
 1041 00cc 27       		.uleb128 0x27
 1042 00cd 19       		.uleb128 0x19
 1043 00ce 11       		.uleb128 0x11
 1044 00cf 01       		.uleb128 0x1
 1045 00d0 12       		.uleb128 0x12
 1046 00d1 06       		.uleb128 0x6
 1047 00d2 40       		.uleb128 0x40
 1048 00d3 18       		.uleb128 0x18
 1049 00d4 9642     		.uleb128 0x2116
 1050 00d6 19       		.uleb128 0x19
 1051 00d7 00       		.byte	0
 1052 00d8 00       		.byte	0
 1053 00d9 10       		.uleb128 0x10
 1054 00da 0B       		.uleb128 0xb
 1055 00db 01       		.byte	0x1
 1056 00dc 11       		.uleb128 0x11
 1057 00dd 01       		.uleb128 0x1
 1058 00de 12       		.uleb128 0x12
 1059 00df 06       		.uleb128 0x6
 1060 00e0 00       		.byte	0
 1061 00e1 00       		.byte	0
 1062 00e2 11       		.uleb128 0x11
 1063 00e3 13       		.uleb128 0x13
 1064 00e4 01       		.byte	0x1
 1065 00e5 0B       		.uleb128 0xb
 1066 00e6 0B       		.uleb128 0xb
 1067 00e7 3A       		.uleb128 0x3a
 1068 00e8 0B       		.uleb128 0xb
 1069 00e9 3B       		.uleb128 0x3b
 1070 00ea 05       		.uleb128 0x5
 1071 00eb 01       		.uleb128 0x1
 1072 00ec 13       		.uleb128 0x13
 1073 00ed 00       		.byte	0
 1074 00ee 00       		.byte	0
 1075 00ef 12       		.uleb128 0x12
 1076 00f0 0D       		.uleb128 0xd
 1077 00f1 00       		.byte	0
 1078 00f2 03       		.uleb128 0x3
 1079 00f3 0E       		.uleb128 0xe
 1080 00f4 3A       		.uleb128 0x3a
 1081 00f5 0B       		.uleb128 0xb
 1082 00f6 3B       		.uleb128 0x3b
 1083 00f7 05       		.uleb128 0x5
 1084 00f8 49       		.uleb128 0x49
 1085 00f9 13       		.uleb128 0x13
 1086 00fa 38       		.uleb128 0x38
 1087 00fb 0B       		.uleb128 0xb
 1088 00fc 00       		.byte	0
 1089 00fd 00       		.byte	0
ARM GAS  C:\Users\Samay\AppData\Local\Temp\ccrAqbO0.s 			page 26


 1090 00fe 13       		.uleb128 0x13
 1091 00ff 01       		.uleb128 0x1
 1092 0100 01       		.byte	0x1
 1093 0101 49       		.uleb128 0x49
 1094 0102 13       		.uleb128 0x13
 1095 0103 01       		.uleb128 0x1
 1096 0104 13       		.uleb128 0x13
 1097 0105 00       		.byte	0
 1098 0106 00       		.byte	0
 1099 0107 14       		.uleb128 0x14
 1100 0108 21       		.uleb128 0x21
 1101 0109 00       		.byte	0
 1102 010a 49       		.uleb128 0x49
 1103 010b 13       		.uleb128 0x13
 1104 010c 2F       		.uleb128 0x2f
 1105 010d 0B       		.uleb128 0xb
 1106 010e 00       		.byte	0
 1107 010f 00       		.byte	0
 1108 0110 15       		.uleb128 0x15
 1109 0111 34       		.uleb128 0x34
 1110 0112 00       		.byte	0
 1111 0113 03       		.uleb128 0x3
 1112 0114 0E       		.uleb128 0xe
 1113 0115 3A       		.uleb128 0x3a
 1114 0116 0B       		.uleb128 0xb
 1115 0117 3B       		.uleb128 0x3b
 1116 0118 05       		.uleb128 0x5
 1117 0119 49       		.uleb128 0x49
 1118 011a 13       		.uleb128 0x13
 1119 011b 02       		.uleb128 0x2
 1120 011c 18       		.uleb128 0x18
 1121 011d 00       		.byte	0
 1122 011e 00       		.byte	0
 1123 011f 16       		.uleb128 0x16
 1124 0120 26       		.uleb128 0x26
 1125 0121 00       		.byte	0
 1126 0122 49       		.uleb128 0x49
 1127 0123 13       		.uleb128 0x13
 1128 0124 00       		.byte	0
 1129 0125 00       		.byte	0
 1130 0126 17       		.uleb128 0x17
 1131 0127 34       		.uleb128 0x34
 1132 0128 00       		.byte	0
 1133 0129 03       		.uleb128 0x3
 1134 012a 08       		.uleb128 0x8
 1135 012b 3A       		.uleb128 0x3a
 1136 012c 0B       		.uleb128 0xb
 1137 012d 3B       		.uleb128 0x3b
 1138 012e 05       		.uleb128 0x5
 1139 012f 49       		.uleb128 0x49
 1140 0130 13       		.uleb128 0x13
 1141 0131 02       		.uleb128 0x2
 1142 0132 18       		.uleb128 0x18
 1143 0133 00       		.byte	0
 1144 0134 00       		.byte	0
 1145 0135 00       		.byte	0
 1146              		.section	.debug_aranges,"",%progbits
ARM GAS  C:\Users\Samay\AppData\Local\Temp\ccrAqbO0.s 			page 27


 1147 0000 44000000 		.4byte	0x44
 1148 0004 0200     		.2byte	0x2
 1149 0006 00000000 		.4byte	.Ldebug_info0
 1150 000a 04       		.byte	0x4
 1151 000b 00       		.byte	0
 1152 000c 0000     		.2byte	0
 1153 000e 0000     		.2byte	0
 1154 0010 00000000 		.4byte	.LFB2
 1155 0014 1E000000 		.4byte	.LFE2-.LFB2
 1156 0018 00000000 		.4byte	.LFB3
 1157 001c 22000000 		.4byte	.LFE3-.LFB3
 1158 0020 00000000 		.4byte	.LFB4
 1159 0024 22000000 		.4byte	.LFE4-.LFB4
 1160 0028 00000000 		.4byte	.LFB5
 1161 002c FC000000 		.4byte	.LFE5-.LFB5
 1162 0030 00000000 		.4byte	.LFB6
 1163 0034 28000000 		.4byte	.LFE6-.LFB6
 1164 0038 FC000000 		.4byte	.LFB7
 1165 003c 74010000 		.4byte	.LFE7-.LFB7
 1166 0040 00000000 		.4byte	0
 1167 0044 00000000 		.4byte	0
 1168              		.section	.debug_ranges,"",%progbits
 1169              	.Ldebug_ranges0:
 1170 0000 00000000 		.4byte	.LFB2
 1171 0004 1E000000 		.4byte	.LFE2
 1172 0008 00000000 		.4byte	.LFB3
 1173 000c 22000000 		.4byte	.LFE3
 1174 0010 00000000 		.4byte	.LFB4
 1175 0014 22000000 		.4byte	.LFE4
 1176 0018 00000000 		.4byte	.LFB5
 1177 001c FC000000 		.4byte	.LFE5
 1178 0020 00000000 		.4byte	.LFB6
 1179 0024 28000000 		.4byte	.LFE6
 1180 0028 FC000000 		.4byte	.LFB7
 1181 002c 70020000 		.4byte	.LFE7
 1182 0030 00000000 		.4byte	0
 1183 0034 00000000 		.4byte	0
 1184              		.section	.debug_line,"",%progbits
 1185              	.Ldebug_line0:
 1186 0000 78010000 		.section	.debug_str,"MS",%progbits,1
 1186      0200CB00 
 1186      00000201 
 1186      FB0E0D00 
 1186      01010101 
 1187              	.LASF18:
 1188 0000 72656733 		.ascii	"reg32\000"
 1188      3200
 1189              	.LASF11:
 1190 0006 73697A65 		.ascii	"size_t\000"
 1190      5F7400
 1191              	.LASF24:
 1192 000d 416E616C 		.ascii	"AnalogSetDefault\000"
 1192      6F675365 
 1192      74446566 
 1192      61756C74 
 1192      00
 1193              	.LASF28:
ARM GAS  C:\Users\Samay\AppData\Local\Temp\ccrAqbO0.s 			page 28


 1194 001e 6366675F 		.ascii	"cfg_memset_list\000"
 1194      6D656D73 
 1194      65745F6C 
 1194      69737400 
 1195              	.LASF23:
 1196 002e 436C6F63 		.ascii	"ClockSetup\000"
 1196      6B536574 
 1196      757000
 1197              	.LASF4:
 1198 0039 73686F72 		.ascii	"short unsigned int\000"
 1198      7420756E 
 1198      7369676E 
 1198      65642069 
 1198      6E7400
 1199              	.LASF15:
 1200 004c 666C6F61 		.ascii	"float\000"
 1200      7400
 1201              	.LASF21:
 1202 0052 64657374 		.ascii	"dest\000"
 1202      00
 1203              	.LASF26:
 1204 0057 73697A65 		.ascii	"size\000"
 1204      00
 1205              	.LASF17:
 1206 005c 72656738 		.ascii	"reg8\000"
 1206      00
 1207              	.LASF6:
 1208 0061 6C6F6E67 		.ascii	"long unsigned int\000"
 1208      20756E73 
 1208      69676E65 
 1208      6420696E 
 1208      7400
 1209              	.LASF12:
 1210 0073 75696E74 		.ascii	"uint8\000"
 1210      3800
 1211              	.LASF19:
 1212 0079 43594D45 		.ascii	"CYMEMZERO\000"
 1212      4D5A4552 
 1212      4F00
 1213              	.LASF2:
 1214 0083 756E7369 		.ascii	"unsigned char\000"
 1214      676E6564 
 1214      20636861 
 1214      7200
 1215              	.LASF16:
 1216 0091 646F7562 		.ascii	"double\000"
 1216      6C6500
 1217              	.LASF32:
 1218 0098 63796669 		.ascii	"cyfitter_cfg\000"
 1218      74746572 
 1218      5F636667 
 1218      00
 1219              	.LASF29:
 1220 00a5 474E5520 		.ascii	"GNU C 4.9.3 20150303 (release) [ARM/embedded-4_9-br"
 1220      4320342E 
 1220      392E3320 
 1220      32303135 
ARM GAS  C:\Users\Samay\AppData\Local\Temp\ccrAqbO0.s 			page 29


 1220      30333033 
 1221 00d8 616E6368 		.ascii	"anch revision 221220] -mcpu=cortex-m0 -mthumb -g -O"
 1221      20726576 
 1221      6973696F 
 1221      6E203232 
 1221      31323230 
 1222 010b 30202D66 		.ascii	"0 -ffunction-sections -ffat-lto-objects\000"
 1222      66756E63 
 1222      74696F6E 
 1222      2D736563 
 1222      74696F6E 
 1223              	.LASF13:
 1224 0133 75696E74 		.ascii	"uint16\000"
 1224      313600
 1225              	.LASF14:
 1226 013a 75696E74 		.ascii	"uint32\000"
 1226      333200
 1227              	.LASF0:
 1228 0141 756E7369 		.ascii	"unsigned int\000"
 1228      676E6564 
 1228      20696E74 
 1228      00
 1229              	.LASF25:
 1230 014e 61646472 		.ascii	"address\000"
 1230      65737300 
 1231              	.LASF8:
 1232 0156 6C6F6E67 		.ascii	"long long unsigned int\000"
 1232      206C6F6E 
 1232      6720756E 
 1232      7369676E 
 1232      65642069 
 1233              	.LASF27:
 1234 016d 6366675F 		.ascii	"cfg_memset_t\000"
 1234      6D656D73 
 1234      65745F74 
 1234      00
 1235              	.LASF9:
 1236 017a 73697A65 		.ascii	"sizetype\000"
 1236      74797065 
 1236      00
 1237              	.LASF7:
 1238 0183 6C6F6E67 		.ascii	"long long int\000"
 1238      206C6F6E 
 1238      6720696E 
 1238      7400
 1239              	.LASF10:
 1240 0191 63686172 		.ascii	"char\000"
 1240      00
 1241              	.LASF3:
 1242 0196 73686F72 		.ascii	"short int\000"
 1242      7420696E 
 1242      7400
 1243              	.LASF31:
 1244 01a0 433A5C55 		.ascii	"C:\\Users\\Samay\\Desktop\\Peripheral Server WDT No"
 1244      73657273 
 1244      5C53616D 
 1244      61795C44 
ARM GAS  C:\Users\Samay\AppData\Local\Temp\ccrAqbO0.s 			page 30


 1244      65736B74 
 1245 01cf 74696669 		.ascii	"tification.cydsn\000"
 1245      63617469 
 1245      6F6E2E63 
 1245      7964736E 
 1245      00
 1246              	.LASF5:
 1247 01e0 6C6F6E67 		.ascii	"long int\000"
 1247      20696E74 
 1247      00
 1248              	.LASF1:
 1249 01e9 7369676E 		.ascii	"signed char\000"
 1249      65642063 
 1249      68617200 
 1250              	.LASF30:
 1251 01f5 47656E65 		.ascii	"Generated_Source\\PSoC4\\cyfitter_cfg.c\000"
 1251      72617465 
 1251      645F536F 
 1251      75726365 
 1251      5C50536F 
 1252              	.LASF22:
 1253 021b 4359434F 		.ascii	"CYCONFIGCPYCODE\000"
 1253      4E464947 
 1253      43505943 
 1253      4F444500 
 1254              	.LASF20:
 1255 022b 4359434F 		.ascii	"CYCONFIGCPY\000"
 1255      4E464947 
 1255      43505900 
 1256              		.ident	"GCC: (GNU Tools for ARM Embedded Processors) 4.9.3 20150303 (release) [ARM/embedded-4_9-br
